Component: ARM Compiler 5.06 update 6 (build 750) Tool: armlink [4d35ed]

==============================================================================

Section Cross References

    startup_stm32f407xx.o(RESET) refers to startup_stm32f407xx.o(STACK) for __initial_sp
    startup_stm32f407xx.o(RESET) refers to startup_stm32f407xx.o(.text) for Reset_Handler
    startup_stm32f407xx.o(RESET) refers to stm32f4xx_it.o(i.NMI_Handler) for NMI_Handler
    startup_stm32f407xx.o(RESET) refers to stm32f4xx_it.o(i.HardFault_Handler) for HardFault_Handler
    startup_stm32f407xx.o(RESET) refers to stm32f4xx_it.o(i.MemManage_Handler) for MemManage_Handler
    startup_stm32f407xx.o(RESET) refers to stm32f4xx_it.o(i.BusFault_Handler) for BusFault_Handler
    startup_stm32f407xx.o(RESET) refers to stm32f4xx_it.o(i.UsageFault_Handler) for UsageFault_Handler
    startup_stm32f407xx.o(RESET) refers to stm32f4xx_it.o(i.SVC_Handler) for SVC_Handler
    startup_stm32f407xx.o(RESET) refers to stm32f4xx_it.o(i.DebugMon_Handler) for DebugMon_Handler
    startup_stm32f407xx.o(RESET) refers to stm32f4xx_it.o(i.PendSV_Handler) for PendSV_Handler
    startup_stm32f407xx.o(RESET) refers to stm32f4xx_it.o(i.SysTick_Handler) for SysTick_Handler
    startup_stm32f407xx.o(.text) refers to system_stm32f4xx.o(i.SystemInit) for SystemInit
    startup_stm32f407xx.o(.text) refers to entry.o(.ARM.Collect$$$$00000000) for __main
    main.o(i.BME280_Init) refers to main.o(i.BME280_ReadReg) for BME280_ReadReg
    main.o(i.BME280_Init) refers to stm32f4xx_hal_uart.o(i.HAL_UART_Transmit) for HAL_UART_Transmit
    main.o(i.BME280_Init) refers to printfa.o(i.__0sprintf) for __2sprintf
    main.o(i.BME280_Init) refers to main.o(i.BME280_WriteReg) for BME280_WriteReg
    main.o(i.BME280_Init) refers to main.o(i.BME280_ReadStatus) for BME280_ReadStatus
    main.o(i.BME280_Init) refers to main.o(i.BME280_ReadCoefficients) for BME280_ReadCoefficients
    main.o(i.BME280_Init) refers to main.o(i.BME280_SetStandby) for BME280_SetStandby
    main.o(i.BME280_Init) refers to main.o(i.BME280_SetFilter) for BME280_SetFilter
    main.o(i.BME280_Init) refers to main.o(i.BME280_SetOversamplingTemper) for BME280_SetOversamplingTemper
    main.o(i.BME280_Init) refers to main.o(i.BME280_SetOversamplingPressure) for BME280_SetOversamplingPressure
    main.o(i.BME280_Init) refers to main.o(i.BME280_SetOversamplingHum) for BME280_SetOversamplingHum
    main.o(i.BME280_Init) refers to strlen.o(.text) for strlen
    main.o(i.BME280_Init) refers to main.o(i.BME280_SetMode) for BME280_SetMode
    main.o(i.BME280_Init) refers to main.o(.data) for .data
    main.o(i.BME280_Init) refers to main.o(.bss) for .bss
    main.o(i.BME280_ReadAltitude) refers to main.o(i.BME280_ReadPressure) for BME280_ReadPressure
    main.o(i.BME280_ReadAltitude) refers to f2d.o(.text) for __aeabi_f2d
    main.o(i.BME280_ReadAltitude) refers to pow.o(i.__hardfp_pow) for __hardfp_pow
    main.o(i.BME280_ReadAltitude) refers to dadd.o(.text) for __aeabi_drsub
    main.o(i.BME280_ReadAltitude) refers to dmul.o(.text) for __aeabi_dmul
    main.o(i.BME280_ReadAltitude) refers to d2f.o(.text) for __aeabi_d2f
    main.o(i.BME280_ReadCoefficients) refers to main.o(i.BME280_ReadReg_U16) for BME280_ReadReg_U16
    main.o(i.BME280_ReadCoefficients) refers to printfa.o(i.__0sprintf) for __2sprintf
    main.o(i.BME280_ReadCoefficients) refers to strlen.o(.text) for strlen
    main.o(i.BME280_ReadCoefficients) refers to stm32f4xx_hal_uart.o(i.HAL_UART_Transmit) for HAL_UART_Transmit
    main.o(i.BME280_ReadCoefficients) refers to main.o(i.BME280_ReadReg_S16) for BME280_ReadReg_S16
    main.o(i.BME280_ReadCoefficients) refers to main.o(i.BME280_ReadReg) for BME280_ReadReg
    main.o(i.BME280_ReadCoefficients) refers to main.o(.bss) for .bss
    main.o(i.BME280_ReadHumidity) refers to main.o(i.BME280_ReadTemperature) for BME280_ReadTemperature
    main.o(i.BME280_ReadHumidity) refers to main.o(i.BME280_ReadReg_BE_S16) for BME280_ReadReg_BE_S16
    main.o(i.BME280_ReadHumidity) refers to main.o(.data) for .data
    main.o(i.BME280_ReadHumidity) refers to main.o(.bss) for .bss
    main.o(i.BME280_ReadPressure) refers to main.o(i.BME280_ReadTemperature) for BME280_ReadTemperature
    main.o(i.BME280_ReadPressure) refers to main.o(i.BME280_ReadReg_BE_U24) for BME280_ReadReg_BE_U24
    main.o(i.BME280_ReadPressure) refers to ldiv.o(.text) for __aeabi_ldivmod
    main.o(i.BME280_ReadPressure) refers to main.o(.data) for .data
    main.o(i.BME280_ReadPressure) refers to main.o(.bss) for .bss
    main.o(i.BME280_ReadReg) refers to stm32f4xx_hal_i2c.o(i.HAL_I2C_Mem_Read) for HAL_I2C_Mem_Read
    main.o(i.BME280_ReadReg) refers to main.o(.bss) for .bss
    main.o(i.BME280_ReadReg_BE_S16) refers to main.o(i.I2Cx_ReadData16) for I2Cx_ReadData16
    main.o(i.BME280_ReadReg_BE_U24) refers to main.o(i.I2Cx_ReadData24) for I2Cx_ReadData24
    main.o(i.BME280_ReadReg_S16) refers to main.o(i.I2Cx_ReadData16) for I2Cx_ReadData16
[...]
    Removing stm32f4xx_hal_dma.o(i.HAL_DMA_Init), (212 bytes).
    Removing stm32f4xx_hal_dma.o(i.HAL_DMA_PollForTransfer), (292 bytes).
    Removing stm32f4xx_hal_dma.o(i.HAL_DMA_RegisterCallback), (80 bytes).
    Removing stm32f4xx_hal_dma.o(i.HAL_DMA_Start), (70 bytes).
    Removing stm32f4xx_hal_dma.o(i.HAL_DMA_Start_IT), (110 bytes).
    Removing stm32f4xx_hal_dma.o(i.HAL_DMA_UnRegisterCallback), (96 bytes).
    Removing stm32f4xx_hal_dma.o(.constdata), (8 bytes).
    Removing stm32f4xx_hal_pwr.o(.rev16_text), (4 bytes).
    Removing stm32f4xx_hal_pwr.o(.revsh_text), (4 bytes).
    Removing stm32f4xx_hal_pwr.o(.rrx_text), (6 bytes).
    Removing stm32f4xx_hal_pwr.o(i.HAL_PWR_ConfigPVD), (124 bytes).
    Removing stm32f4xx_hal_pwr.o(i.HAL_PWR_DeInit), (24 bytes).
    Removing stm32f4xx_hal_pwr.o(i.HAL_PWR_DisableBkUpAccess), (12 bytes).
    Removing stm32f4xx_hal_pwr.o(i.HAL_PWR_DisablePVD), (12 bytes).
    Removing stm32f4xx_hal_pwr.o(i.HAL_PWR_DisableSEVOnPend), (16 bytes).
    Removing stm32f4xx_hal_pwr.o(i.HAL_PWR_DisableSleepOnExit), (16 bytes).
    Removing stm32f4xx_hal_pwr.o(i.HAL_PWR_DisableWakeUpPin), (16 bytes).
    Removing stm32f4xx_hal_pwr.o(i.HAL_PWR_EnableBkUpAccess), (12 bytes).
    Removing stm32f4xx_hal_pwr.o(i.HAL_PWR_EnablePVD), (12 bytes).
    Removing stm32f4xx_hal_pwr.o(i.HAL_PWR_EnableSEVOnPend), (16 bytes).
    Removing stm32f4xx_hal_pwr.o(i.HAL_PWR_EnableSleepOnExit), (16 bytes).
    Removing stm32f4xx_hal_pwr.o(i.HAL_PWR_EnableWakeUpPin), (16 bytes).
    Removing stm32f4xx_hal_pwr.o(i.HAL_PWR_EnterSLEEPMode), (32 bytes).
    Removing stm32f4xx_hal_pwr.o(i.HAL_PWR_EnterSTANDBYMode), (32 bytes).
    Removing stm32f4xx_hal_pwr.o(i.HAL_PWR_EnterSTOPMode), (56 bytes).
    Removing stm32f4xx_hal_pwr.o(i.HAL_PWR_PVDCallback), (2 bytes).
    Removing stm32f4xx_hal_pwr.o(i.HAL_PWR_PVD_IRQHandler), (28 bytes).
    Removing stm32f4xx_hal_pwr_ex.o(.rev16_text), (4 bytes).
    Removing stm32f4xx_hal_pwr_ex.o(.revsh_text), (4 bytes).
    Removing stm32f4xx_hal_pwr_ex.o(.rrx_text), (6 bytes).
    Removing stm32f4xx_hal_pwr_ex.o(i.HAL_PWREx_ControlVoltageScaling), (88 bytes).
    Removing stm32f4xx_hal_pwr_ex.o(i.HAL_PWREx_DisableBkUpReg), (60 bytes).
    Removing stm32f4xx_hal_pwr_ex.o(i.HAL_PWREx_DisableFlashPowerDown), (12 bytes).
    Removing stm32f4xx_hal_pwr_ex.o(i.HAL_PWREx_EnableBkUpReg), (60 bytes).
    Removing stm32f4xx_hal_pwr_ex.o(i.HAL_PWREx_EnableFlashPowerDown), (12 bytes).
    Removing stm32f4xx_hal_pwr_ex.o(i.HAL_PWREx_GetVoltageRange), (16 bytes).
    Removing stm32f4xx_hal_cortex.o(.rev16_text), (4 bytes).
    Removing stm32f4xx_hal_cortex.o(.revsh_text), (4 bytes).
    Removing stm32f4xx_hal_cortex.o(.rrx_text), (6 bytes).
    Removing stm32f4xx_hal_cortex.o(i.HAL_MPU_ConfigRegion), (84 bytes).
    Removing stm32f4xx_hal_cortex.o(i.HAL_MPU_Disable), (28 bytes).
    Removing stm32f4xx_hal_cortex.o(i.HAL_MPU_Enable), (36 bytes).
    Removing stm32f4xx_hal_cortex.o(i.HAL_NVIC_ClearPendingIRQ), (26 bytes).
    Removing stm32f4xx_hal_cortex.o(i.HAL_NVIC_DisableIRQ), (34 bytes).
    Removing stm32f4xx_hal_cortex.o(i.HAL_NVIC_EnableIRQ), (26 bytes).
    Removing stm32f4xx_hal_cortex.o(i.HAL_NVIC_GetActive), (36 bytes).
    Removing stm32f4xx_hal_cortex.o(i.HAL_NVIC_GetPendingIRQ), (36 bytes).
    Removing stm32f4xx_hal_cortex.o(i.HAL_NVIC_GetPriority), (82 bytes).
    Removing stm32f4xx_hal_cortex.o(i.HAL_NVIC_GetPriorityGrouping), (16 bytes).
    Removing stm32f4xx_hal_cortex.o(i.HAL_NVIC_SetPendingIRQ), (26 bytes).
    Removing stm32f4xx_hal_cortex.o(i.HAL_NVIC_SystemReset), (36 bytes).
    Removing stm32f4xx_hal_cortex.o(i.HAL_SYSTICK_CLKSourceConfig), (24 bytes).
    Removing stm32f4xx_hal_cortex.o(i.HAL_SYSTICK_Callback), (2 bytes).
    Removing stm32f4xx_hal_cortex.o(i.HAL_SYSTICK_IRQHandler), (8 bytes).
    Removing stm32f4xx_hal.o(.rev16_text), (4 bytes).
    Removing stm32f4xx_hal.o(.revsh_text), (4 bytes).
    Removing stm32f4xx_hal.o(.rrx_text), (6 bytes).
    Removing stm32f4xx_hal.o(i.HAL_DBGMCU_DisableDBGSleepMode), (16 bytes).
    Removing stm32f4xx_hal.o(i.HAL_DBGMCU_DisableDBGStandbyMode), (16 bytes).
    Removing stm32f4xx_hal.o(i.HAL_DBGMCU_DisableDBGStopMode), (16 bytes).
    Removing stm32f4xx_hal.o(i.HAL_DBGMCU_EnableDBGSleepMode), (16 bytes).
    Removing stm32f4xx_hal.o(i.HAL_DBGMCU_EnableDBGStandbyMode), (16 bytes).
    Removing stm32f4xx_hal.o(i.HAL_DBGMCU_EnableDBGStopMode), (16 bytes).
    Removing stm32f4xx_hal.o(i.HAL_DeInit), (52 bytes).
    Removing stm32f4xx_hal.o(i.HAL_DisableCompensationCell), (12 bytes).
    Removing stm32f4xx_hal.o(i.HAL_EnableCompensationCell), (12 bytes).
    Removing stm32f4xx_hal.o(i.HAL_GetDEVID), (16 bytes).
    Removing stm32f4xx_hal.o(i.HAL_GetHalVersion), (8 bytes).
    Removing stm32f4xx_hal.o(i.HAL_GetREVID), (12 bytes).
    Removing stm32f4xx_hal.o(i.HAL_GetTickFreq), (12 bytes).
    Removing stm32f4xx_hal.o(i.HAL_GetTickPrio), (12 bytes).
    Removing stm32f4xx_hal.o(i.HAL_GetUIDw0), (12 bytes).
    Removing stm32f4xx_hal.o(i.HAL_GetUIDw1), (12 bytes).
    Removing stm32f4xx_hal.o(i.HAL_GetUIDw2), (12 bytes).
    Removing stm32f4xx_hal.o(i.HAL_MspDeInit), (2 bytes).
    Removing stm32f4xx_hal.o(i.HAL_MspInit), (2 bytes).
    Removing stm32f4xx_hal.o(i.HAL_ResumeTick), (14 bytes).
    Removing stm32f4xx_hal.o(i.HAL_SetTickFreq), (36 bytes).
    Removing stm32f4xx_hal.o(i.HAL_SuspendTick), (14 bytes).
    Removing stm32f4xx_hal_exti.o(.rev16_text), (4 bytes).
    Removing stm32f4xx_hal_exti.o(.revsh_text), (4 bytes).
    Removing stm32f4xx_hal_exti.o(.rrx_text), (6 bytes).
    Removing stm32f4xx_hal_exti.o(i.HAL_EXTI_ClearConfigLine), (108 bytes).
    Removing stm32f4xx_hal_exti.o(i.HAL_EXTI_ClearPending), (20 bytes).
    Removing stm32f4xx_hal_exti.o(i.HAL_EXTI_GenerateSWI), (20 bytes).
    Removing stm32f4xx_hal_exti.o(i.HAL_EXTI_GetConfigLine), (156 bytes).
    Removing stm32f4xx_hal_exti.o(i.HAL_EXTI_GetHandle), (12 bytes).
    Removing stm32f4xx_hal_exti.o(i.HAL_EXTI_GetPending), (24 bytes).
    Removing stm32f4xx_hal_exti.o(i.HAL_EXTI_IRQHandler), (36 bytes).
    Removing stm32f4xx_hal_exti.o(i.HAL_EXTI_RegisterCallback), (14 bytes).
    Removing stm32f4xx_hal_exti.o(i.HAL_EXTI_SetConfigLine), (168 bytes).
    Removing stm32f4xx_hal_tim.o(.rev16_text), (4 bytes).
    Removing stm32f4xx_hal_tim.o(.revsh_text), (4 bytes).
    Removing stm32f4xx_hal_tim.o(.rrx_text), (6 bytes).
    Removing stm32f4xx_hal_tim_ex.o(.rev16_text), (4 bytes).
    Removing stm32f4xx_hal_tim_ex.o(.revsh_text), (4 bytes).
    Removing stm32f4xx_hal_tim_ex.o(.rrx_text), (6 bytes).
    Removing stm32f4xx_hal_uart.o(.rev16_text), (4 bytes).
    Removing stm32f4xx_hal_uart.o(.revsh_text), (4 bytes).
    Removing stm32f4xx_hal_uart.o(.rrx_text), (6 bytes).
    Removing stm32f4xx_hal_uart.o(i.HAL_HalfDuplex_EnableReceiver), (50 bytes).
    Removing stm32f4xx_hal_uart.o(i.HAL_HalfDuplex_EnableTransmitter), (50 bytes).
    Removing stm32f4xx_hal_uart.o(i.HAL_HalfDuplex_Init), (108 bytes).
    Removing stm32f4xx_hal_uart.o(i.HAL_LIN_Init), (128 bytes).
    Removing stm32f4xx_hal_uart.o(i.HAL_LIN_SendBreak), (46 bytes).
    Removing stm32f4xx_hal_uart.o(i.HAL_MultiProcessor_EnterMuteMode), (46 bytes).
    Removing stm32f4xx_hal_uart.o(i.HAL_MultiProcessor_ExitMuteMode), (46 bytes).
    Removing stm32f4xx_hal_uart.o(i.HAL_MultiProcessor_Init), (142 bytes).
    Removing stm32f4xx_hal_uart.o(i.HAL_UART_Abort), (138 bytes).
    Removing stm32f4xx_hal_uart.o(i.HAL_UART_AbortCpltCallback), (2 bytes).
    Removing stm32f4xx_hal_uart.o(i.HAL_UART_AbortReceive), (88 bytes).
    Removing stm32f4xx_hal_uart.o(i.HAL_UART_AbortReceiveCpltCallback), (2 bytes).
    Removing stm32f4xx_hal_uart.o(i.HAL_UART_AbortReceive_IT), (92 bytes).
    Removing stm32f4xx_hal_uart.o(i.HAL_UART_AbortTransmit), (78 bytes).
    Removing stm32f4xx_hal_uart.o(i.HAL_UART_AbortTransmitCpltCallback), (2 bytes).
    Removing stm32f4xx_hal_uart.o(i.HAL_UART_AbortTransmit_IT), (84 bytes).
    Removing stm32f4xx_hal_uart.o(i.HAL_UART_Abort_IT), (172 bytes).
    Removing stm32f4xx_hal_uart.o(i.HAL_UART_DMAPause), (102 bytes).
    Removing stm32f4xx_hal_uart.o(i.HAL_UART_DMAResume), (94 bytes).
    Removing stm32f4xx_hal_uart.o(i.HAL_UART_DMAStop), (88 bytes).
    Removing stm32f4xx_hal_uart.o(i.HAL_UART_DeInit), (50 bytes).
    Removing stm32f4xx_hal_uart.o(i.HAL_UART_ErrorCallback), (2 bytes).
    Removing stm32f4xx_hal_uart.o(i.HAL_UART_GetError), (4 bytes).
    Removing stm32f4xx_hal_uart.o(i.HAL_UART_GetState), (10 bytes).
    Removing stm32f4xx_hal_uart.o(i.HAL_UART_IRQHandler), (276 bytes).
    Removing stm32f4xx_hal_uart.o(i.HAL_UART_MspDeInit), (2 bytes).
    Removing stm32f4xx_hal_uart.o(i.HAL_UART_MspInit), (2 bytes).
    Removing stm32f4xx_hal_uart.o(i.HAL_UART_Receive), (190 bytes).
    Removing stm32f4xx_hal_uart.o(i.HAL_UART_Receive_DMA), (152 bytes).
    Removing stm32f4xx_hal_uart.o(i.HAL_UART_Receive_IT), (82 bytes).
    Removing stm32f4xx_hal_uart.o(i.HAL_UART_RxCpltCallback), (2 bytes).
    Removing stm32f4xx_hal_uart.o(i.HAL_UART_RxHalfCpltCallback), (2 bytes).
    Removing stm32f4xx_hal_uart.o(i.HAL_UART_Transmit_DMA), (128 bytes).
    Removing stm32f4xx_hal_uart.o(i.HAL_UART_Transmit_IT), (62 bytes).
    Removing stm32f4xx_hal_uart.o(i.HAL_UART_TxCpltCallback), (2 bytes).
    Removing stm32f4xx_hal_uart.o(i.HAL_UART_TxHalfCpltCallback), (2 bytes).
    Removing stm32f4xx_hal_uart.o(i.UART_DMAAbortOnError), (16 bytes).
    Removing stm32f4xx_hal_uart.o(i.UART_DMAError), (74 bytes).
    Removing stm32f4xx_hal_uart.o(i.UART_DMAReceiveCplt), (60 bytes).
    Removing stm32f4xx_hal_uart.o(i.UART_DMARxAbortCallback), (42 bytes).
    Removing stm32f4xx_hal_uart.o(i.UART_DMARxHalfCplt), (10 bytes).
    Removing stm32f4xx_hal_uart.o(i.UART_DMARxOnlyAbortCallback), (20 bytes).
    Removing stm32f4xx_hal_uart.o(i.UART_DMATransmitCplt), (46 bytes).
    Removing stm32f4xx_hal_uart.o(i.UART_DMATxAbortCallback), (42 bytes).
    Removing stm32f4xx_hal_uart.o(i.UART_DMATxHalfCplt), (10 bytes).
    Removing stm32f4xx_hal_uart.o(i.UART_DMATxOnlyAbortCallback), (20 bytes).
    Removing stm32f4xx_hal_uart.o(i.UART_EndRxTransfer), (28 bytes).
    Removing stm32f4xx_hal_uart.o(i.UART_EndTxTransfer), (18 bytes).
    Removing stm32f4xx_hal_uart.o(i.UART_Receive_IT), (150 bytes).
    Removing stm32f4xx_hal_uart.o(i.UART_Transmit_IT), (98 bytes).
    Removing system_stm32f4xx.o(.rev16_text), (4 bytes).
    Removing system_stm32f4xx.o(.revsh_text), (4 bytes).
    Removing system_stm32f4xx.o(.rrx_text), (6 bytes).
    Removing system_stm32f4xx.o(i.SystemCoreClockUpdate), (124 bytes).
    Removing dneg.o(.text), (6 bytes).
    Removing cdcmple.o(.text), (48 bytes).

338 unused section(s) (total 24712 bytes) removed from the image.

==============================================================================

Image Symbol Table

    Local Symbols

    Symbol Name                              Value     Ov Type        Size  Object(Section)

    ../Drivers/STM32F4xx_HAL_Driver/Src/stm32f4xx_hal.c 0x00000000   Number         0  stm32f4xx_hal.o ABSOLUTE
    ../Drivers/STM32F4xx_HAL_Driver/Src/stm32f4xx_hal_cortex.c 0x00000000   Number         0  stm32f4xx_hal_cortex.o ABSOLUTE
    ../Drivers/STM32F4xx_HAL_Driver/Src/stm32f4xx_hal_dma.c 0x00000000   Number         0  stm32f4xx_hal_dma.o ABSOLUTE
    ../Drivers/STM32F4xx_HAL_Driver/Src/stm32f4xx_hal_dma_ex.c 0x00000000   Number         0  stm32f4xx_hal_dma_ex.o ABSOLUTE
    ../Drivers/STM32F4xx_HAL_Driver/Src/stm32f4xx_hal_exti.c 0x00000000   Number         0  stm32f4xx_hal_exti.o ABSOLUTE
    ../Drivers/STM32F4xx_HAL_Driver/Src/stm32f4xx_hal_flash.c 0x00000000   Number         0  stm32f4xx_hal_flash.o ABSOLUTE
    ../Drivers/STM32F4xx_HAL_Driver/Src/stm32f4xx_hal_flash_ex.c 0x00000000   Number         0  stm32f4xx_hal_flash_ex.o ABSOLUTE
    ../Drivers/STM32F4xx_HAL_Driver/Src/stm32f4xx_hal_flash_ramfunc.c 0x00000000   Number         0  stm32f4xx_hal_flash_ramfunc.o ABSOLUTE
    ../Drivers/STM32F4xx_HAL_Driver/Src/stm32f4xx_hal_gpio.c 0x00000000   Number         0  stm32f4xx_hal_gpio.o ABSOLUTE
    ../Drivers/STM32F4xx_HAL_Driver/Src/stm32f4xx_hal_i2c.c 0x00000000   Number         0  stm32f4xx_hal_i2c.o ABSOLUTE
    ../Drivers/STM32F4xx_HAL_Driver/Src/stm32f4xx_hal_i2c_ex.c 0x00000000   Number         0  stm32f4xx_hal_i2c_ex.o ABSOLUTE
    ../Drivers/STM32F4xx_HAL_Driver/Src/stm32f4xx_hal_pwr.c 0x00000000   Number         0  stm32f4xx_hal_pwr.o ABSOLUTE
    ../Drivers/STM32F4xx_HAL_Driver/Src/stm32f4xx_hal_pwr_ex.c 0x00000000   Number         0  stm32f4xx_hal_pwr_ex.o ABSOLUTE
    ../Drivers/STM32F4xx_HAL_Driver/Src/stm32f4xx_hal_rcc.c 0x00000000   Number         0  stm32f4xx_hal_rcc.o ABSOLUTE
    ../Drivers/STM32F4xx_HAL_Driver/Src/stm32f4xx_hal_rcc_ex.c 0x00000000   Number         0  stm32f4xx_hal_rcc_ex.o ABSOLUTE
    ../Drivers/STM32F4xx_HAL_Driver/Src/stm32f4xx_hal_tim.c 0x00000000   Number         0  stm32f4xx_hal_tim.o ABSOLUTE
    ../Drivers/STM32F4xx_HAL_Driver/Src/stm32f4xx_hal_tim_ex.c 0x00000000   Number         0  stm32f4xx_hal_tim_ex.o ABSOLUTE
    ../Drivers/STM32F4xx_HAL_Driver/Src/stm32f4xx_hal_uart.c 0x00000000   Number         0  stm32f4xx_hal_uart.o ABSOLUTE
    ../Src/main.c                            0x00000000   Number         0  main.o ABSOLUTE
    ../Src/stm32f4xx_hal_msp.c               0x00000000   Number         0  stm32f4xx_hal_msp.o ABSOLUTE
    ../Src/stm32f4xx_it.c                    0x00000000   Number         0  stm32f4xx_it.o ABSOLUTE
    ../Src/system_stm32f4xx.c                0x00000000   Number         0  system_stm32f4xx.o ABSOLUTE
    ../clib/microlib/division.c              0x00000000   Number         0  uldiv.o ABSOLUTE
    ../clib/microlib/division.c              0x00000000   Number         0  ldiv.o ABSOLUTE
    ../clib/microlib/division.c              0x00000000   Number         0  uidiv.o ABSOLUTE
    ../clib/microlib/errno.c                 0x00000000   Number         0  errno.o ABSOLUTE
    ../clib/microlib/init/entry.s            0x00000000   Number         0  entry.o ABSOLUTE
    ../clib/microlib/init/entry.s            0x00000000   Number         0  entry7a.o ABSOLUTE
    ../clib/microlib/init/entry.s            0x00000000   Number         0  entry7b.o ABSOLUTE
    ../clib/microlib/init/entry.s            0x00000000   Number         0  entry8a.o ABSOLUTE
    ../clib/microlib/init/entry.s            0x00000000   Number         0  entry2.o ABSOLUTE
    ../clib/microlib/init/entry.s            0x00000000   Number         0  entry8b.o ABSOLUTE
    ../clib/microlib/init/entry.s            0x00000000   Number         0  entry9a.o ABSOLUTE
    ../clib/microlib/init/entry.s            0x00000000   Number         0  entry9b.o ABSOLUTE
    ../clib/microlib/init/entry.s            0x00000000   Number         0  entry11a.o ABSOLUTE
    ../clib/microlib/init/entry.s            0x00000000   Number         0  entry11b.o ABSOLUTE
    ../clib/microlib/init/entry.s            0x00000000   Number         0  entry10a.o ABSOLUTE
    ../clib/microlib/init/entry.s            0x00000000   Number         0  entry10b.o ABSOLUTE
    ../clib/microlib/init/entry.s            0x00000000   Number         0  entry5.o ABSOLUTE
    ../clib/microlib/longlong.c              0x00000000   Number         0  llsshr.o ABSOLUTE
    ../clib/microlib/longlong.c              0x00000000   Number         0  llshl.o ABSOLUTE
    ../clib/microlib/longlong.c              0x00000000   Number         0  llushr.o ABSOLUTE
    ../clib/microlib/printf/printf.c         0x00000000   Number         0  printf4.o ABSOLUTE
    ../clib/microlib/printf/printf.c         0x00000000   Number         0  printfb.o ABSOLUTE
    ../clib/microlib/printf/printf.c         0x00000000   Number         0  printf7.o ABSOLUTE
    ../clib/microlib/printf/printf.c         0x00000000   Number         0  printf6.o ABSOLUTE
    ../clib/microlib/printf/printf.c         0x00000000   Number         0  printf5.o ABSOLUTE
    ../clib/microlib/printf/printf.c         0x00000000   Number         0  printf3.o ABSOLUTE
    ../clib/microlib/printf/printf.c         0x00000000   Number         0  printf2.o ABSOLUTE
    ../clib/microlib/printf/printf.c         0x00000000   Number         0  printfa.o ABSOLUTE
    ../clib/microlib/printf/printf.c         0x00000000   Number         0  printf8.o ABSOLUTE
    ../clib/microlib/printf/printf.c         0x00000000   Number         0  printf1.o ABSOLUTE
    ../clib/microlib/printf/printf.c         0x00000000   Number         0  printf0.o ABSOLUTE
    ../clib/microlib/printf/stubs.s          0x00000000   Number         0  stubs.o ABSOLUTE
    ../clib/microlib/stdio/fputc.c           0x00000000   Number         0  fputc.o ABSOLUTE
    ../clib/microlib/stdio/semi.s            0x00000000   Number         0  semi.o ABSOLUTE
    ../clib/microlib/stdio/streams.c         0x00000000   Number         0  stdout.o ABSOLUTE
    ../clib/microlib/string/memset.c         0x00000000   Number         0  memseta.o ABSOLUTE
    ../clib/microlib/string/strlen.c         0x00000000   Number         0  strlen.o ABSOLUTE
    ../clib/microlib/stubs.s                 0x00000000   Number         0  iusefp.o ABSOLUTE
    ../clib/microlib/stubs.s                 0x00000000   Number         0  iusesemip.o ABSOLUTE
    ../fplib/microlib/d2f.c                  0x00000000   Number         0  d2f.o ABSOLUTE
    ../fplib/microlib/f2d.c                  0x00000000   Number         0  f2d.o ABSOLUTE
    ../fplib/microlib/fpadd.c                0x00000000   Number         0  dadd.o ABSOLUTE
    ../fplib/microlib/fpdiv.c                0x00000000   Number         0  ddiv.o ABSOLUTE
    ../fplib/microlib/fpepilogue.c           0x00000000   Number         0  depilogue.o ABSOLUTE
    ../fplib/microlib/fpepilogue.c           0x00000000   Number         0  fepilogue.o ABSOLUTE
    ../fplib/microlib/fpfix.c                0x00000000   Number         0  dfixul.o ABSOLUTE
    ../fplib/microlib/fpflt.c                0x00000000   Number         0  dflti.o ABSOLUTE
    ../fplib/microlib/fpmul.c                0x00000000   Number         0  dmul.o ABSOLUTE
    ../fplib/microlib/fpneg.c                0x00000000   Number         0  dneg.o ABSOLUTE
    ../fplib/microlib/fpscalb.c              0x00000000   Number         0  dscalb.o ABSOLUTE
    ../fplib/microlib/fpsqrt.c               0x00000000   Number         0  dsqrt.o ABSOLUTE
    ../mathlib/dunder.c                      0x00000000   Number         0  dunder.o ABSOLUTE
    ../mathlib/fabs.c                        0x00000000   Number         0  fabs.o ABSOLUTE
    ../mathlib/fpclassify.c                  0x00000000   Number         0  fpclassify.o ABSOLUTE
    ../mathlib/poly.c                        0x00000000   Number         0  poly.o ABSOLUTE
    ../mathlib/pow.c                         0x00000000   Number         0  pow.o ABSOLUTE
    ../mathlib/pow.c                         0x00000000   Number         0  pow_x.o ABSOLUTE
    ../mathlib/qnan.c                        0x00000000   Number         0  qnan.o ABSOLUTE
    ../mathlib/sqrt.c                        0x00000000   Number         0  sqrt_x.o ABSOLUTE
    ../mathlib/sqrt.c                        0x00000000   Number         0  sqrt.o ABSOLUTE
    ..\Drivers\STM32F4xx_HAL_Driver\Src\stm32f4xx_hal.c 0x00000000   Number         0  stm32f4xx_hal.o ABSOLUTE
    ..\Drivers\STM32F4xx_HAL_Driver\Src\stm32f4xx_hal_cortex.c 0x00000000   Number         0  stm32f4xx_hal_cortex.o ABSOLUTE
    ..\Drivers\STM32F4xx_HAL_Driver\Src\stm32f4xx_hal_dma.c 0x00000000   Number         0  stm32f4xx_hal_dma.o ABSOLUTE
    ..\Drivers\STM32F4xx_HAL_Driver\Src\stm32f4xx_hal_dma_ex.c 0x00000000   Number         0  stm32f4xx_hal_dma_ex.o ABSOLUTE
    ..\Drivers\STM32F4xx_HAL_Driver\Src\stm32f4xx_hal_exti.c 0x00000000   Number         0  stm32f4xx_hal_exti.o ABSOLUTE
    ..\Drivers\STM32F4xx_HAL_Driver\Src\stm32f4xx_hal_flash.c 0x00000000   Number         0  stm32f4xx_hal_flash.o ABSOLUTE
    ..\Drivers\STM32F4xx_HAL_Driver\Src\stm32f4xx_hal_flash_ex.c 0x00000000   Number         0  stm32f4xx_hal_flash_ex.o ABSOLUTE
    ..\Drivers\STM32F4xx_HAL_Driver\Src\stm32f4xx_hal_flash_ramfunc.c 0x00000000   Number         0  stm32f4xx_hal_flash_ramfunc.o ABSOLUTE
    ..\Drivers\STM32F4xx_HAL_Driver\Src\stm32f4xx_hal_gpio.c 0x00000000   Number         0  stm32f4xx_hal_gpio.o ABSOLUTE
    ..\Drivers\STM32F4xx_HAL_Driver\Src\stm32f4xx_hal_i2c.c 0x00000000   Number         0  stm32f4xx_hal_i2c.o ABSOLUTE
    ..\Drivers\STM32F4xx_HAL_Driver\Src\stm32f4xx_hal_i2c_ex.c 0x00000000   Number         0  stm32f4xx_hal_i2c_ex.o ABSOLUTE
    ..\Drivers\STM32F4xx_HAL_Driver\Src\stm32f4xx_hal_pwr.c 0x00000000   Number         0  stm32f4xx_hal_pwr.o ABSOLUTE
    ..\Drivers\STM32F4xx_HAL_Driver\Src\stm32f4xx_hal_pwr_ex.c 0x00000000   Number         0  stm32f4xx_hal_pwr_ex.o ABSOLUTE
    ..\Drivers\STM32F4xx_HAL_Driver\Src\stm32f4xx_hal_rcc.c 0x00000000   Number         0  stm32f4xx_hal_rcc.o ABSOLUTE
    ..\Drivers\STM32F4xx_HAL_Driver\Src\stm32f4xx_hal_rcc_ex.c 0x00000000   Number         0  stm32f4xx_hal_rcc_ex.o ABSOLUTE
    ..\Drivers\STM32F4xx_HAL_Driver\Src\stm32f4xx_hal_tim.c 0x00000000   Number         0  stm32f4xx_hal_tim.o ABSOLUTE
    ..\Drivers\STM32F4xx_HAL_Driver\Src\stm32f4xx_hal_tim_ex.c 0x00000000   Number         0  stm32f4xx_hal_tim_ex.o ABSOLUTE
    ..\Drivers\STM32F4xx_HAL_Driver\Src\stm32f4xx_hal_uart.c 0x00000000   Number         0  stm32f4xx_hal_uart.o ABSOLUTE
    ..\Src\main.c                            0x00000000   Number         0  main.o ABSOLUTE
    ..\Src\stm32f4xx_hal_msp.c               0x00000000   Number         0  stm32f4xx_hal_msp.o ABSOLUTE
    ..\Src\stm32f4xx_it.c                    0x00000000   Number         0  stm32f4xx_it.o ABSOLUTE
    ..\Src\system_stm32f4xx.c                0x00000000   Number         0  system_stm32f4xx.o ABSOLUTE
    cdcmple.s                                0x00000000   Number         0  cdcmple.o ABSOLUTE
    cdrcmple.s                               0x00000000   Number         0  cdrcmple.o ABSOLUTE
    dc.s                                     0x00000000   Number         0  dc.o ABSOLUTE
    handlers.s                               0x00000000   Number         0  handlers.o ABSOLUTE
    init.s                                   0x00000000   Number         0  init.o ABSOLUTE
    startup_stm32f407xx.s                    0x00000000   Number         0  startup_stm32f407xx.o ABSOLUTE
    RESET                                    0x08000000   Section      392  startup_stm32f407xx.o(RESET)
    .ARM.Collect$$$$00000000                 0x08000188   Section        0  entry.o(.ARM.Collect$$$$00000000)
    .ARM.Collect$$$$00000001                 0x08000188   Section        4  entry2.o(.ARM.Collect$$$$00000001)
    .ARM.Collect$$$$00000004                 0x0800018c   Section        4  entry5.o(.ARM.Collect$$$$00000004)
    .ARM.Collect$$$$00000008                 0x08000190   Section        0  entry7b.o(.ARM.Collect$$$$00000008)
    .ARM.Collect$$$$0000000A                 0x08000190   Section        0  entry8b.o(.ARM.Collect$$$$0000000A)
    .ARM.Collect$$$$0000000B                 0x08000190   Section        8  entry9a.o(.ARM.Collect$$$$0000000B)
    .ARM.Collect$$$$0000000D                 0x08000198   Section        0  entry10a.o(.ARM.Collect$$$$0000000D)
    .ARM.Collect$$$$0000000F                 0x08000198   Section        0  entry11a.o(.ARM.Collect$$$$0000000F)
    .ARM.Collect$$$$00002712                 0x08000198   Section        4  entry2.o(.ARM.Collect$$$$00002712)
    __lit__00000000                          0x08000198   Data           4  entry2.o(.ARM.Collect$$$$00002712)
    .text                                    0x0800019c   Section       36  startup_stm32f407xx.o(.text)
    $v0                                      0x0800019c   Number         0  startup_stm32f407xx.o(.text)
    .text                                    0x080001c0   Section        0  uldiv.o(.text)
    .text                                    0x08000222   Section        0  ldiv.o(.text)
    .text                                    0x08000284   Section        0  memseta.o(.text)
    .text                                    0x080002a8   Section        0  strlen.o(.text)
    .text                                    0x080002b6   Section        0  dadd.o(.text)
    .text                                    0x08000404   Section        0  dmul.o(.text)
    .text                                    0x080004e8   Section        0  f2d.o(.text)
    .text                                    0x0800050e   Section        0  d2f.o(.text)
    .text                                    0x08000546   Section        0  uidiv.o(.text)
    .text                                    0x08000572   Section        0  llshl.o(.text)
    .text                                    0x08000590   Section        0  llushr.o(.text)
    .text                                    0x080005b0   Section        0  llsshr.o(.text)
    .text                                    0x080005d4   Section        0  fepilogue.o(.text)
    .text                                    0x080005d4   Section        0  iusefp.o(.text)
    .text                                    0x08000642   Section        0  depilogue.o(.text)
    .text                                    0x080006fc   Section        0  ddiv.o(.text)
    .text                                    0x080007da   Section        0  dscalb.o(.text)
    .text                                    0x08000808   Section        0  dflti.o(.text)
    .text                                    0x0800082a   Section        0  dfixul.o(.text)
    .text                                    0x0800085c   Section       48  cdrcmple.o(.text)
    .text                                    0x0800088c   Section       36  init.o(.text)
    .text                                    0x080008b0   Section        0  dsqrt.o(.text)
    i.BME280_Init                            0x08000954   Section        0  main.o(i.BME280_Init)
    i.BME280_ReadAltitude                    0x08000ab4   Section        0  main.o(i.BME280_ReadAltitude)
    i.BME280_ReadCoefficients                0x08000b1c   Section        0  main.o(i.BME280_ReadCoefficients)
    i.BME280_ReadHumidity                    0x08000fa4   Section        0  main.o(i.BME280_ReadHumidity)
    i.BME280_ReadPressure                    0x08001044   Section        0  main.o(i.BME280_ReadPressure)
    i.BME280_ReadReg                         0x08001220   Section        0  main.o(i.BME280_ReadReg)
    i.BME280_ReadReg_BE_S16                  0x0800124c   Section        0  main.o(i.BME280_ReadReg_BE_S16)
    i.BME280_ReadReg_BE_U24                  0x08001262   Section        0  main.o(i.BME280_ReadReg_BE_U24)
    i.BME280_ReadReg_S16                     0x08001286   Section        0  main.o(i.BME280_ReadReg_S16)
    i.BME280_ReadReg_U16                     0x08001290   Section        0  main.o(i.BME280_ReadReg_U16)
    i.BME280_ReadStatus                      0x0800129a   Section        0  main.o(i.BME280_ReadStatus)
    i.BME280_ReadTemperature                 0x080012a8   Section        0  main.o(i.BME280_ReadTemperature)
    i.BME280_SetFilter                       0x08001308   Section        0  main.o(i.BME280_SetFilter)
    i.BME280_SetMode                         0x08001326   Section        0  main.o(i.BME280_SetMode)
    i.BME280_SetOversamplingHum              0x08001344   Section        0  main.o(i.BME280_SetOversamplingHum)
    i.BME280_SetOversamplingPressure         0x08001370   Section        0  main.o(i.BME280_SetOversamplingPressure)
    i.BME280_SetOversamplingTemper           0x0800138e   Section        0  main.o(i.BME280_SetOversamplingTemper)
    i.BME280_SetStandby                      0x080013ac   Section        0  main.o(i.BME280_SetStandby)
    i.BME280_WriteReg                        0x080013cc   Section        0  main.o(i.BME280_WriteReg)
    i.BusFault_Handler                       0x080013f0   Section        0  stm32f4xx_it.o(i.BusFault_Handler)
    i.CheckSensorInfo                        0x080013f4   Section        0  main.o(i.CheckSensorInfo)
    i.ConfigureCCS811                        0x08001534   Section        0  main.o(i.ConfigureCCS811)
    i.DebugMon_Handler                       0x0800157c   Section        0  stm32f4xx_it.o(i.DebugMon_Handler)
    i.HAL_Delay                              0x08001580   Section        0  stm32f4xx_hal.o(i.HAL_Delay)
    i.HAL_GPIO_Init                          0x080015a4   Section        0  stm32f4xx_hal_gpio.o(i.HAL_GPIO_Init)
    i.HAL_GPIO_TogglePin                     0x0800175c   Section        0  stm32f4xx_hal_gpio.o(i.HAL_GPIO_TogglePin)
    i.HAL_GPIO_WritePin                      0x0800176a   Section        0  stm32f4xx_hal_gpio.o(i.HAL_GPIO_WritePin)
    i.HAL_GetTick                            0x08001774   Section        0  stm32f4xx_hal.o(i.HAL_GetTick)
    i.HAL_I2C_GetState                       0x08001780   Section        0  stm32f4xx_hal_i2c.o(i.HAL_I2C_GetState)
    i.HAL_I2C_Init                           0x08001788   Section        0  stm32f4xx_hal_i2c.o(i.HAL_I2C_Init)
    i.HAL_I2C_IsDeviceReady                  0x08001910   Section        0  stm32f4xx_hal_i2c.o(i.HAL_I2C_IsDeviceReady)
    i.HAL_I2C_Master_Transmit                0x08001a7c   Section        0  stm32f4xx_hal_i2c.o(i.HAL_I2C_Master_Transmit)
    i.HAL_I2C_Mem_Read                       0x08001ba8   Section        0  stm32f4xx_hal_i2c.o(i.HAL_I2C_Mem_Read)
    i.HAL_I2C_Mem_Write                      0x08001da0   Section        0  stm32f4xx_hal_i2c.o(i.HAL_I2C_Mem_Write)
    i.HAL_I2C_MspInit                        0x08001ed0   Section        0  stm32f4xx_hal_msp.o(i.HAL_I2C_MspInit)
    i.HAL_IncTick                            0x08001f70   Section        0  stm32f4xx_hal.o(i.HAL_IncTick)
    i.HAL_Init                               0x08001f80   Section        0  stm32f4xx_hal.o(i.HAL_Init)
    i.HAL_InitTick                           0x08001fb4   Section        0  stm32f4xx_hal.o(i.HAL_InitTick)
    i.HAL_MspInit                            0x08001ff4   Section        0  stm32f4xx_hal_msp.o(i.HAL_MspInit)
    i.HAL_NVIC_SetPriority                   0x08002024   Section        0  stm32f4xx_hal_cortex.o(i.HAL_NVIC_SetPriority)
    i.HAL_NVIC_SetPriorityGrouping           0x08002064   Section        0  stm32f4xx_hal_cortex.o(i.HAL_NVIC_SetPriorityGrouping)
    i.HAL_RCC_ClockConfig                    0x08002088   Section        0  stm32f4xx_hal_rcc.o(i.HAL_RCC_ClockConfig)
    i.HAL_RCC_GetPCLK1Freq                   0x080021bc   Section        0  stm32f4xx_hal_rcc.o(i.HAL_RCC_GetPCLK1Freq)
    i.HAL_RCC_GetPCLK2Freq                   0x080021dc   Section        0  stm32f4xx_hal_rcc.o(i.HAL_RCC_GetPCLK2Freq)
    i.HAL_RCC_GetSysClockFreq                0x080021fc   Section        0  stm32f4xx_hal_rcc.o(i.HAL_RCC_GetSysClockFreq)
    i.HAL_RCC_OscConfig                      0x08002260   Section        0  stm32f4xx_hal_rcc.o(i.HAL_RCC_OscConfig)
    i.HAL_SYSTICK_Config                     0x080025bc   Section        0  stm32f4xx_hal_cortex.o(i.HAL_SYSTICK_Config)
    i.HAL_UART_Init                          0x080025e4   Section        0  stm32f4xx_hal_uart.o(i.HAL_UART_Init)
    i.HAL_UART_MspInit                       0x08002648   Section        0  stm32f4xx_hal_msp.o(i.HAL_UART_MspInit)
    i.HAL_UART_Transmit                      0x080026b0   Section        0  stm32f4xx_hal_uart.o(i.HAL_UART_Transmit)
    i.HardFault_Handler                      0x0800276a   Section        0  stm32f4xx_it.o(i.HardFault_Handler)
    i.I2C_IsAcknowledgeFailed                0x0800276c   Section        0  stm32f4xx_hal_i2c.o(i.I2C_IsAcknowledgeFailed)
    I2C_IsAcknowledgeFailed                  0x0800276d   Thumb Code    46  stm32f4xx_hal_i2c.o(i.I2C_IsAcknowledgeFailed)
    i.I2C_MasterRequestWrite                 0x0800279c   Section        0  stm32f4xx_hal_i2c.o(i.I2C_MasterRequestWrite)
    I2C_MasterRequestWrite                   0x0800279d   Thumb Code   150  stm32f4xx_hal_i2c.o(i.I2C_MasterRequestWrite)
    i.I2C_RequestMemoryRead                  0x08002838   Section        0  stm32f4xx_hal_i2c.o(i.I2C_RequestMemoryRead)
    I2C_RequestMemoryRead                    0x08002839   Thumb Code   246  stm32f4xx_hal_i2c.o(i.I2C_RequestMemoryRead)
    i.I2C_RequestMemoryWrite                 0x08002934   Section        0  stm32f4xx_hal_i2c.o(i.I2C_RequestMemoryWrite)
    I2C_RequestMemoryWrite                   0x08002935   Thumb Code   162  stm32f4xx_hal_i2c.o(i.I2C_RequestMemoryWrite)
    i.I2C_WaitOnBTFFlagUntilTimeout          0x080029dc   Section        0  stm32f4xx_hal_i2c.o(i.I2C_WaitOnBTFFlagUntilTimeout)
    I2C_WaitOnBTFFlagUntilTimeout            0x080029dd   Thumb Code    76  stm32f4xx_hal_i2c.o(i.I2C_WaitOnBTFFlagUntilTimeout)
    i.I2C_WaitOnFlagUntilTimeout             0x08002a28   Section        0  stm32f4xx_hal_i2c.o(i.I2C_WaitOnFlagUntilTimeout)
    I2C_WaitOnFlagUntilTimeout               0x08002a29   Thumb Code   104  stm32f4xx_hal_i2c.o(i.I2C_WaitOnFlagUntilTimeout)
    i.I2C_WaitOnMasterAddressFlagUntilTimeout 0x08002a90   Section        0  stm32f4xx_hal_i2c.o(i.I2C_WaitOnMasterAddressFlagUntilTimeout)
    I2C_WaitOnMasterAddressFlagUntilTimeout  0x08002a91   Thumb Code   150  stm32f4xx_hal_i2c.o(i.I2C_WaitOnMasterAddressFlagUntilTimeout)
    i.I2C_WaitOnRXNEFlagUntilTimeout         0x08002b26   Section        0  stm32f4xx_hal_i2c.o(i.I2C_WaitOnRXNEFlagUntilTimeout)
    I2C_WaitOnRXNEFlagUntilTimeout           0x08002b27   Thumb Code   102  stm32f4xx_hal_i2c.o(i.I2C_WaitOnRXNEFlagUntilTimeout)
    i.I2C_WaitOnTXEFlagUntilTimeout          0x08002b8c   Section        0  stm32f4xx_hal_i2c.o(i.I2C_WaitOnTXEFlagUntilTimeout)
    I2C_WaitOnTXEFlagUntilTimeout            0x08002b8d   Thumb Code    76  stm32f4xx_hal_i2c.o(i.I2C_WaitOnTXEFlagUntilTimeout)
    i.I2Cx_ReadData16                        0x08002bd8   Section        0  main.o(i.I2Cx_ReadData16)
    I2Cx_ReadData16                          0x08002bd9   Thumb Code    28  main.o(i.I2Cx_ReadData16)
    i.I2Cx_ReadData24                        0x08002bf8   Section        0  main.o(i.I2Cx_ReadData24)
    I2Cx_ReadData24                          0x08002bf9   Thumb Code    28  main.o(i.I2Cx_ReadData24)
    i.MX_GPIO_Init                           0x08002c18   Section        0  main.o(i.MX_GPIO_Init)
    MX_GPIO_Init                             0x08002c19   Thumb Code   118  main.o(i.MX_GPIO_Init)
    i.MemManage_Handler                      0x08002c98   Section        0  stm32f4xx_it.o(i.MemManage_Handler)
    i.NMI_Handler                            0x08002c9a   Section        0  stm32f4xx_it.o(i.NMI_Handler)
    i.PendSV_Handler                         0x08002c9c   Section        0  stm32f4xx_it.o(i.PendSV_Handler)
    i.ReadAlgorithmResults                   0x08002ca0   Section        0  main.o(i.ReadAlgorithmResults)
    i.ReadRegister                           0x08002ce0   Section        0  main.o(i.ReadRegister)
    i.RestoreBaseline                        0x08002d10   Section        0  main.o(i.RestoreBaseline)
    i.SVC_Handler                            0x08002d54   Section        0  stm32f4xx_it.o(i.SVC_Handler)
    i.SetDriveMode                           0x08002d58   Section        0  main.o(i.SetDriveMode)
    i.SysTick_Handler                        0x08002d8c   Section        0  stm32f4xx_it.o(i.SysTick_Handler)
    i.SystemClock_Config                     0x08002d90   Section        0  main.o(i.SystemClock_Config)
    i.SystemInit                             0x08002e00   Section        0  system_stm32f4xx.o(i.SystemInit)
    i.UART_SetConfig                         0x08002e1c   Section        0  stm32f4xx_hal_uart.o(i.UART_SetConfig)
    UART_SetConfig                           0x08002e1d   Thumb Code   286  stm32f4xx_hal_uart.o(i.UART_SetConfig)
    i.UART_WaitOnFlagUntilTimeout            0x08002f44   Section        0  stm32f4xx_hal_uart.o(i.UART_WaitOnFlagUntilTimeout)
    UART_WaitOnFlagUntilTimeout              0x08002f45   Thumb Code   100  stm32f4xx_hal_uart.o(i.UART_WaitOnFlagUntilTimeout)
    i.UsageFault_Handler                     0x08002fa8   Section        0  stm32f4xx_it.o(i.UsageFault_Handler)
    i.WriteRegister                          0x08002fac   Section        0  main.o(i.WriteRegister)
    i.__0sprintf                             0x08002ff8   Section        0  printfa.o(i.__0sprintf)
    i.__ARM_fpclassify                       0x08003020   Section        0  fpclassify.o(i.__ARM_fpclassify)
    i.__NVIC_SetPriority                     0x08003050   Section        0  stm32f4xx_hal_cortex.o(i.__NVIC_SetPriority)
    __NVIC_SetPriority                       0x08003051   Thumb Code    32  stm32f4xx_hal_cortex.o(i.__NVIC_SetPriority)
    i.__hardfp_pow                           0x08003070   Section        0  pow.o(i.__hardfp_pow)
    i.__kernel_poly                          0x08003cc0   Section        0  poly.o(i.__kernel_poly)
    i.__mathlib_dbl_divzero                  0x08003db8   Section        0  dunder.o(i.__mathlib_dbl_divzero)
    i.__mathlib_dbl_infnan2                  0x08003de8   Section        0  dunder.o(i.__mathlib_dbl_infnan2)
    i.__mathlib_dbl_invalid                  0x08003e00   Section        0  dunder.o(i.__mathlib_dbl_invalid)
    i.__mathlib_dbl_overflow                 0x08003e20   Section        0  dunder.o(i.__mathlib_dbl_overflow)
    i.__mathlib_dbl_underflow                0x08003e40   Section        0  dunder.o(i.__mathlib_dbl_underflow)
    i.__scatterload_copy                     0x08003e60   Section       14  handlers.o(i.__scatterload_copy)
    i.__scatterload_null                     0x08003e6e   Section        2  handlers.o(i.__scatterload_null)
    i.__scatterload_zeroinit                 0x08003e70   Section       14  handlers.o(i.__scatterload_zeroinit)
    i.__set_errno                            0x08003e80   Section        0  errno.o(i.__set_errno)
    i._fp_digits                             0x08003e8c   Section        0  printfa.o(i._fp_digits)
    _fp_digits                               0x08003e8d   Thumb Code   366  printfa.o(i._fp_digits)
    i._printf_core                           0x08004010   Section        0  printfa.o(i._printf_core)
    _printf_core                             0x08004011   Thumb Code  1744  printfa.o(i._printf_core)
    i._printf_post_padding                   0x080046ec   Section        0  printfa.o(i._printf_post_padding)
    _printf_post_padding                     0x080046ed   Thumb Code    36  printfa.o(i._printf_post_padding)
    i._printf_pre_padding                    0x08004710   Section        0  printfa.o(i._printf_pre_padding)
    _printf_pre_padding                      0x08004711   Thumb Code    46  printfa.o(i._printf_pre_padding)
    i._sputc                                 0x0800473e   Section        0  printfa.o(i._sputc)
    _sputc                                   0x0800473f   Thumb Code    10  printfa.o(i._sputc)
    i.fabs                                   0x08004748   Section        0  fabs.o(i.fabs)
    i.main                                   0x08004760   Section        0  main.o(i.main)
    i.sqrt                                   0x08004a80   Section        0  sqrt.o(i.sqrt)
    .constdata                               0x08004aee   Section       16  system_stm32f4xx.o(.constdata)
    .constdata                               0x08004afe   Section        8  system_stm32f4xx.o(.constdata)
    .constdata                               0x08004b08   Section      136  pow.o(.constdata)
    bp                                       0x08004b08   Data          16  pow.o(.constdata)
    dp_h                                     0x08004b18   Data          16  pow.o(.constdata)
    dp_l                                     0x08004b28   Data          16  pow.o(.constdata)
    L                                        0x08004b38   Data          48  pow.o(.constdata)
    P                                        0x08004b68   Data          40  pow.o(.constdata)
    .constdata                               0x08004b90   Section        8  qnan.o(.constdata)
    .data                                    0x20000000   Section      208  main.o(.data)
    .data                                    0x200000d0   Section       12  stm32f4xx_hal.o(.data)
    .data                                    0x200000dc   Section        4  system_stm32f4xx.o(.data)
    .data                                    0x200000e0   Section        4  errno.o(.data)
    _errno                                   0x200000e0   Data           4  errno.o(.data)
    .bss                                     0x200000e4   Section      384  main.o(.bss)
    STACK                                    0x20000268   Section     1024  startup_stm32f407xx.o(STACK)

    Global Symbols

    Symbol Name                              Value     Ov Type        Size  Object(Section)

    BuildAttributes$$THM_ISAv4$E$P$D$K$B$S$7EM$VFPi3$EXTD16$VFPS$VFMA$PE$A:L22UL41UL21$X:L11$S22US41US21$IEEE1$IW$USESV6$~STKCKD$USESV7$~SHL$OTIME$ROPI$IEEEX$EBA8$MICROLIB$REQ8$PRES8$EABIv2 0x00000000   Number         0  anon$$obj.o ABSOLUTE
    __ARM_use_no_argv                        0x00000000   Number         0  main.o ABSOLUTE
    _printf_a                                0x00000000   Number         0  stubs.o ABSOLUTE
    _printf_c                                0x00000000   Number         0  stubs.o ABSOLUTE
    _printf_charcount                        0x00000000   Number         0  stubs.o ABSOLUTE
    _printf_d                                0x00000000   Number         0  stubs.o ABSOLUTE
    _printf_e                                0x00000000   Number         0  stubs.o ABSOLUTE
    _printf_f                                0x00000000   Number         0  stubs.o ABSOLUTE
    _printf_flags                            0x00000000   Number         0  stubs.o ABSOLUTE
    _printf_fp_dec                           0x00000000   Number         0  stubs.o ABSOLUTE
    _printf_fp_hex                           0x00000000   Number         0  stubs.o ABSOLUTE
    _printf_g                                0x00000000   Number         0  stubs.o ABSOLUTE
    _printf_i                                0x00000000   Number         0  stubs.o ABSOLUTE
    _printf_int_dec                          0x00000000   Number         0  stubs.o ABSOLUTE
    _printf_l                                0x00000000   Number         0  stubs.o ABSOLUTE
    _printf_lc                               0x00000000   Number         0  stubs.o ABSOLUTE
    _printf_ll                               0x00000000   Number         0  stubs.o ABSOLUTE
    _printf_lld                              0x00000000   Number         0  stubs.o ABSOLUTE
    _printf_lli                              0x00000000   Number         0  stubs.o ABSOLUTE
    _printf_llo                              0x00000000   Number         0  stubs.o ABSOLUTE
    _printf_llu                              0x00000000   Number         0  stubs.o ABSOLUTE
    _printf_llx                              0x00000000   Number         0  stubs.o ABSOLUTE
    _printf_longlong_dec                     0x00000000   Number         0  stubs.o ABSOLUTE
    _printf_longlong_hex                     0x00000000   Number         0  stubs.o ABSOLUTE
    _printf_longlong_oct                     0x00000000   Number         0  stubs.o ABSOLUTE
    _printf_ls                               0x00000000   Number         0  stubs.o ABSOLUTE
    _printf_mbtowc                           0x00000000   Number         0  stubs.o ABSOLUTE
    _printf_n                                0x00000000   Number         0  stubs.o ABSOLUTE
    _printf_o                                0x00000000   Number         0  stubs.o ABSOLUTE
    _printf_p                                0x00000000   Number         0  stubs.o ABSOLUTE
    _printf_percent                          0x00000000   Number         0  stubs.o ABSOLUTE
    _printf_pre_padding                      0x00000000   Number         0  stubs.o ABSOLUTE
    _printf_return_value                     0x00000000   Number         0  stubs.o ABSOLUTE
    _printf_s                                0x00000000   Number         0  stubs.o ABSOLUTE
    _printf_sizespec                         0x00000000   Number         0  stubs.o ABSOLUTE
    _printf_str                              0x00000000   Number         0  stubs.o ABSOLUTE
    _printf_truncate_signed                  0x00000000   Number         0  stubs.o ABSOLUTE
    _printf_truncate_unsigned                0x00000000   Number         0  stubs.o ABSOLUTE
    _printf_u                                0x00000000   Number         0  stubs.o ABSOLUTE
    _printf_wc                               0x00000000   Number         0  stubs.o ABSOLUTE
    _printf_wctomb                           0x00000000   Number         0  stubs.o ABSOLUTE
    _printf_widthprec                        0x00000000   Number         0  stubs.o ABSOLUTE
    _printf_x                                0x00000000   Number         0  stubs.o ABSOLUTE
    __cpp_initialize__aeabi_                  - Undefined Weak Reference
    __cxa_finalize                            - Undefined Weak Reference
    __decompress                              - Undefined Weak Reference
    _clock_init                               - Undefined Weak Reference
    _microlib_exit                            - Undefined Weak Reference
    __Vectors_Size                           0x00000188   Number         0  startup_stm32f407xx.o ABSOLUTE
    __Vectors                                0x08000000   Data           4  startup_stm32f407xx.o(RESET)
    __Vectors_End                            0x08000188   Data           0  startup_stm32f407xx.o(RESET)
    __main                                   0x08000189   Thumb Code     0  entry.o(.ARM.Collect$$$$00000000)
    _main_stk                                0x08000189   Thumb Code     0  entry2.o(.ARM.Collect$$$$00000001)
    _main_scatterload                        0x0800018d   Thumb Code     0  entry5.o(.ARM.Collect$$$$00000004)
    __main_after_scatterload                 0x08000191   Thumb Code     0  entry5.o(.ARM.Collect$$$$00000004)
    _main_clock                              0x08000191   Thumb Code     0  entry7b.o(.ARM.Collect$$$$00000008)
    _main_cpp_init                           0x08000191   Thumb Code     0  entry8b.o(.ARM.Collect$$$$0000000A)
    _main_init                               0x08000191   Thumb Code     0  entry9a.o(.ARM.Collect$$$$0000000B)
    __rt_final_cpp                           0x08000199   Thumb Code     0  entry10a.o(.ARM.Collect$$$$0000000D)
    __rt_final_exit                          0x08000199   Thumb Code     0  entry11a.o(.ARM.Collect$$$$0000000F)
    Reset_Handler                            0x0800019d   Thumb Code     8  startup_stm32f407xx.o(.text)
    ADC_IRQHandler                           0x080001b7   Thumb Code     0  startup_stm32f407xx.o(.text)
    CAN1_RX0_IRQHandler                      0x080001b7   Thumb Code     0  startup_stm32f407xx.o(.text)
    CAN1_RX1_IRQHandler                      0x080001b7   Thumb Code     0  startup_stm32f407xx.o(.text)
    CAN1_SCE_IRQHandler                      0x080001b7   Thumb Code     0  startup_stm32f407xx.o(.text)
    CAN1_TX_IRQHandler                       0x080001b7   Thumb Code     0  startup_stm32f407xx.o(.text)
    CAN2_RX0_IRQHandler                      0x080001b7   Thumb Code     0  startup_stm32f407xx.o(.text)
    CAN2_RX1_IRQHandler                      0x080001b7   Thumb Code     0  startup_stm32f407xx.o(.text)
    CAN2_SCE_IRQHandler                      0x080001b7   Thumb Code     0  startup_stm32f407xx.o(.text)
    CAN2_TX_IRQHandler                       0x080001b7   Thumb Code     0  startup_stm32f407xx.o(.text)
    DCMI_IRQHandler                          0x080001b7   Thumb Code     0  startup_stm32f407xx.o(.text)
    DMA1_Stream0_IRQHandler                  0x080001b7   Thumb Code     0  startup_stm32f407xx.o(.text)
    DMA1_Stream1_IRQHandler                  0x080001b7   Thumb Code     0  startup_stm32f407xx.o(.text)
    DMA1_Stream2_IRQHandler                  0x080001b7   Thumb Code     0  startup_stm32f407xx.o(.text)
    DMA1_Stream3_IRQHandler                  0x080001b7   Thumb Code     0  startup_stm32f407xx.o(.text)
    DMA1_Stream4_IRQHandler                  0x080001b7   Thumb Code     0  startup_stm32f407xx.o(.text)
    DMA1_Stream5_IRQHandler                  0x080001b7   Thumb Code     0  startup_stm32f407xx.o(.text)
    DMA1_Stream6_IRQHandler                  0x080001b7   Thumb Code     0  startup_stm32f407xx.o(.text)
    DMA1_Stream7_IRQHandler                  0x080001b7   Thumb Code     0  startup_stm32f407xx.o(.text)
    DMA2_Stream0_IRQHandler                  0x080001b7   Thumb Code     0  startup_stm32f407xx.o(.text)
    DMA2_Stream1_IRQHandler                  0x080001b7   Thumb Code     0  startup_stm32f407xx.o(.text)
    DMA2_Stream2_IRQHandler                  0x080001b7   Thumb Code     0  startup_stm32f407xx.o(.text)
    DMA2_Stream3_IRQHandler                  0x080001b7   Thumb Code     0  startup_stm32f407xx.o(.text)
    DMA2_Stream4_IRQHandler                  0x080001b7   Thumb Code     0  startup_stm32f407xx.o(.text)
    DMA2_Stream5_IRQHandler                  0x080001b7   Thumb Code     0  startup_stm32f407xx.o(.text)
    DMA2_Stream6_IRQHandler                  0x080001b7   Thumb Code     0  startup_stm32f407xx.o(.text)
    DMA2_Stream7_IRQHandler                  0x080001b7   Thumb Code     0  startup_stm32f407xx.o(.text)
    ETH_IRQHandler                           0x080001b7   Thumb Code     0  startup_stm32f407xx.o(.text)
    ETH_WKUP_IRQHandler                      0x080001b7   Thumb Code     0  startup_stm32f407xx.o(.text)
    EXTI0_IRQHandler                         0x080001b7   Thumb Code     0  startup_stm32f407xx.o(.text)
    EXTI15_10_IRQHandler                     0x080001b7   Thumb Code     0  startup_stm32f407xx.o(.text)
    EXTI1_IRQHandler                         0x080001b7   Thumb Code     0  startup_stm32f407xx.o(.text)
    EXTI2_IRQHandler                         0x080001b7   Thumb Code     0  startup_stm32f407xx.o(.text)
    EXTI3_IRQHandler                         0x080001b7   Thumb Code     0  startup_stm32f407xx.o(.text)
    EXTI4_IRQHandler                         0x080001b7   Thumb Code     0  startup_stm32f407xx.o(.text)
    EXTI9_5_IRQHandler                       0x080001b7   Thumb Code     0  startup_stm32f407xx.o(.text)
    FLASH_IRQHandler                         0x080001b7   Thumb Code     0  startup_stm32f407xx.o(.text)
    FMC_IRQHandler                           0x080001b7   Thumb Code     0  startup_stm32f407xx.o(.text)
    FPU_IRQHandler                           0x080001b7   Thumb Code     0  startup_stm32f407xx.o(.text)
    HASH_RNG_IRQHandler                      0x080001b7   Thumb Code     0  startup_stm32f407xx.o(.text)
    I2C1_ER_IRQHandler                       0x080001b7   Thumb Code     0  startup_stm32f407xx.o(.text)
    I2C1_EV_IRQHandler                       0x080001b7   Thumb Code     0  startup_stm32f407xx.o(.text)
    I2C2_ER_IRQHandler                       0x080001b7   Thumb Code     0  startup_stm32f407xx.o(.text)
    I2C2_EV_IRQHandler                       0x080001b7   Thumb Code     0  startup_stm32f407xx.o(.text)
    I2C3_ER_IRQHandler                       0x080001b7   Thumb Code     0  startup_stm32f407xx.o(.text)
    I2C3_EV_IRQHandler                       0x080001b7   Thumb Code     0  startup_stm32f407xx.o(.text)
    OTG_FS_IRQHandler                        0x080001b7   Thumb Code     0  startup_stm32f407xx.o(.text)
    OTG_FS_WKUP_IRQHandler                   0x080001b7   Thumb Code     0  startup_stm32f407xx.o(.text)
    OTG_HS_EP1_IN_IRQHandler                 0x080001b7   Thumb Code     0  startup_stm32f407xx.o(.text)
    OTG_HS_EP1_OUT_IRQHandler                0x080001b7   Thumb Code     0  startup_stm32f407xx.o(.text)
    OTG_HS_IRQHandler                        0x080001b7   Thumb Code     0  startup_stm32f407xx.o(.text)
    OTG_HS_WKUP_IRQHandler                   0x080001b7   Thumb Code     0  startup_stm32f407xx.o(.text)
    PVD_IRQHandler                           0x080001b7   Thumb Code     0  startup_stm32f407xx.o(.text)
    RCC_IRQHandler                           0x080001b7   Thumb Code     0  startup_stm32f407xx.o(.text)
    RTC_Alarm_IRQHandler                     0x080001b7   Thumb Code     0  startup_stm32f407xx.o(.text)
    RTC_WKUP_IRQHandler                      0x080001b7   Thumb Code     0  startup_stm32f407xx.o(.text)
    SDIO_IRQHandler                          0x080001b7   Thumb Code     0  startup_stm32f407xx.o(.text)
    SPI1_IRQHandler                          0x080001b7   Thumb Code     0  startup_stm32f407xx.o(.text)
    SPI2_IRQHandler                          0x080001b7   Thumb Code     0  startup_stm32f407xx.o(.text)
    SPI3_IRQHandler                          0x080001b7   Thumb Code     0  startup_stm32f407xx.o(.text)
    TAMP_STAMP_IRQHandler                    0x080001b7   Thumb Code     0  startup_stm32f407xx.o(.text)
    TIM1_BRK_TIM9_IRQHandler                 0x080001b7   Thumb Code     0  startup_stm32f407xx.o(.text)
    TIM1_CC_IRQHandler                       0x080001b7   Thumb Code     0  startup_stm32f407xx.o(.text)
    TIM1_TRG_COM_TIM11_IRQHandler            0x080001b7   Thumb Code     0  startup_stm32f407xx.o(.text)
    TIM1_UP_TIM10_IRQHandler                 0x080001b7   Thumb Code     0  startup_stm32f407xx.o(.text)
    TIM2_IRQHandler                          0x080001b7   Thumb Code     0  startup_stm32f407xx.o(.text)
    TIM3_IRQHandler                          0x080001b7   Thumb Code     0  startup_stm32f407xx.o(.text)
    TIM4_IRQHandler                          0x080001b7   Thumb Code     0  startup_stm32f407xx.o(.text)
    TIM5_IRQHandler                          0x080001b7   Thumb Code     0  startup_stm32f407xx.o(.text)
    TIM6_DAC_IRQHandler                      0x080001b7   Thumb Code     0  startup_stm32f407xx.o(.text)
    TIM7_IRQHandler                          0x080001b7   Thumb Code     0  startup_stm32f407xx.o(.text)
    TIM8_BRK_TIM12_IRQHandler                0x080001b7   Thumb Code     0  startup_stm32f407xx.o(.text)
    TIM8_CC_IRQHandler                       0x080001b7   Thumb Code     0  startup_stm32f407xx.o(.text)
    TIM8_TRG_COM_TIM14_IRQHandler            0x080001b7   Thumb Code     0  startup_stm32f407xx.o(.text)
    TIM8_UP_TIM13_IRQHandler                 0x080001b7   Thumb Code     0  startup_stm32f407xx.o(.text)
    UART4_IRQHandler                         0x080001b7   Thumb Code     0  startup_stm32f407xx.o(.text)
    UART5_IRQHandler                         0x080001b7   Thumb Code     0  startup_stm32f407xx.o(.text)
    USART1_IRQHandler                        0x080001b7   Thumb Code     0  startup_stm32f407xx.o(.text)
    USART2_IRQHandler                        0x080001b7   Thumb Code     0  startup_stm32f407xx.o(.text)
    USART3_IRQHandler                        0x080001b7   Thumb Code     0  startup_stm32f407xx.o(.text)
    USART6_IRQHandler                        0x080001b7   Thumb Code     0  startup_stm32f407xx.o(.text)
    WWDG_IRQHandler                          0x080001b7   Thumb Code     0  startup_stm32f407xx.o(.text)
    __aeabi_uldivmod                         0x080001c1   Thumb Code    98  uldiv.o(.text)
    __aeabi_ldivmod                          0x08000223   Thumb Code    98  ldiv.o(.text)
    __aeabi_memset                           0x08000285   Thumb Code    14  memseta.o(.text)
    __aeabi_memset4                          0x08000285   Thumb Code     0  memseta.o(.text)
    __aeabi_memset8                          0x08000285   Thumb Code     0  memseta.o(.text)
    __aeabi_memclr                           0x08000293   Thumb Code     4  memseta.o(.text)
    __aeabi_memclr4                          0x08000293   Thumb Code     0  memseta.o(.text)
    __aeabi_memclr8                          0x08000293   Thumb Code     0  memseta.o(.text)
    _memset$wrapper                          0x08000297   Thumb Code    18  memseta.o(.text)
    strlen                                   0x080002a9   Thumb Code    14  strlen.o(.text)
    __aeabi_dadd                             0x080002b7   Thumb Code   322  dadd.o(.text)
    __aeabi_dsub                             0x080003f9   Thumb Code     6  dadd.o(.text)
    __aeabi_drsub                            0x080003ff   Thumb Code     6  dadd.o(.text)
    __aeabi_dmul                             0x08000405   Thumb Code   228  dmul.o(.text)
    __aeabi_f2d                              0x080004e9   Thumb Code    38  f2d.o(.text)
    __aeabi_d2f                              0x0800050f   Thumb Code    56  d2f.o(.text)
    __aeabi_uidiv                            0x08000547   Thumb Code     0  uidiv.o(.text)
    __aeabi_uidivmod                         0x08000547   Thumb Code    44  uidiv.o(.text)
    __aeabi_llsl                             0x08000573   Thumb Code    30  llshl.o(.text)
    _ll_shift_l                              0x08000573   Thumb Code     0  llshl.o(.text)
    __aeabi_llsr                             0x08000591   Thumb Code    32  llushr.o(.text)
    _ll_ushift_r                             0x08000591   Thumb Code     0  llushr.o(.text)
    __aeabi_lasr                             0x080005b1   Thumb Code    36  llsshr.o(.text)
    _ll_sshift_r                             0x080005b1   Thumb Code     0  llsshr.o(.text)
    __I$use$fp                               0x080005d5   Thumb Code     0  iusefp.o(.text)
    _float_round                             0x080005d5   Thumb Code    18  fepilogue.o(.text)
    _float_epilogue                          0x080005e7   Thumb Code    92  fepilogue.o(.text)
    _double_round                            0x08000643   Thumb Code    30  depilogue.o(.text)
    _double_epilogue                         0x08000661   Thumb Code   156  depilogue.o(.text)
    __aeabi_ddiv                             0x080006fd   Thumb Code   222  ddiv.o(.text)
    __ARM_scalbn                             0x080007db   Thumb Code    46  dscalb.o(.text)
    scalbn                                   0x080007db   Thumb Code     0  dscalb.o(.text)
    __aeabi_i2d                              0x08000809   Thumb Code    34  dflti.o(.text)
    __aeabi_d2ulz                            0x0800082b   Thumb Code    48  dfixul.o(.text)
    __aeabi_cdrcmple                         0x0800085d   Thumb Code    48  cdrcmple.o(.text)
    __scatterload                            0x0800088d   Thumb Code    28  init.o(.text)
    __scatterload_rt2                        0x0800088d   Thumb Code     0  init.o(.text)
    _dsqrt                                   0x080008b1   Thumb Code   162  dsqrt.o(.text)
    BME280_Init                              0x08000955   Thumb Code   258  main.o(i.BME280_Init)
    BME280_ReadAltitude                      0x08000ab5   Thumb Code    80  main.o(i.BME280_ReadAltitude)
    BME280_ReadCoefficients                  0x08000b1d   Thumb Code   868  main.o(i.BME280_ReadCoefficients)
    BME280_ReadHumidity                      0x08000fa5   Thumb Code   146  main.o(i.BME280_ReadHumidity)
    BME280_ReadPressure                      0x08001045   Thumb Code   446  main.o(i.BME280_ReadPressure)
    BME280_ReadReg                           0x08001221   Thumb Code    38  main.o(i.BME280_ReadReg)
    BME280_ReadReg_BE_S16                    0x0800124d   Thumb Code    22  main.o(i.BME280_ReadReg_BE_S16)
    BME280_ReadReg_BE_U24                    0x08001263   Thumb Code    36  main.o(i.BME280_ReadReg_BE_U24)
    BME280_ReadReg_S16                       0x08001287   Thumb Code    10  main.o(i.BME280_ReadReg_S16)
    BME280_ReadReg_U16                       0x08001291   Thumb Code    10  main.o(i.BME280_ReadReg_U16)
    BME280_ReadStatus                        0x0800129b   Thumb Code    14  main.o(i.BME280_ReadStatus)
    BME280_ReadTemperature                   0x080012a9   Thumb Code    82  main.o(i.BME280_ReadTemperature)
    BME280_SetFilter                         0x08001309   Thumb Code    30  main.o(i.BME280_SetFilter)
    BME280_SetMode                           0x08001327   Thumb Code    30  main.o(i.BME280_SetMode)
    BME280_SetOversamplingHum                0x08001345   Thumb Code    44  main.o(i.BME280_SetOversamplingHum)
    BME280_SetOversamplingPressure           0x08001371   Thumb Code    30  main.o(i.BME280_SetOversamplingPressure)
    BME280_SetOversamplingTemper             0x0800138f   Thumb Code    30  main.o(i.BME280_SetOversamplingTemper)
    BME280_SetStandby                        0x080013ad   Thumb Code    30  main.o(i.BME280_SetStandby)
    BME280_WriteReg                          0x080013cd   Thumb Code    32  main.o(i.BME280_WriteReg)
    BusFault_Handler                         0x080013f1   Thumb Code     2  stm32f4xx_it.o(i.BusFault_Handler)
    CheckSensorInfo                          0x080013f5   Thumb Code   306  main.o(i.CheckSensorInfo)
    ConfigureCCS811                          0x08001535   Thumb Code    64  main.o(i.ConfigureCCS811)
    DebugMon_Handler                         0x0800157d   Thumb Code     2  stm32f4xx_it.o(i.DebugMon_Handler)
    HAL_Delay                                0x08001581   Thumb Code    32  stm32f4xx_hal.o(i.HAL_Delay)
    HAL_GPIO_Init                            0x080015a5   Thumb Code   394  stm32f4xx_hal_gpio.o(i.HAL_GPIO_Init)
    HAL_GPIO_TogglePin                       0x0800175d   Thumb Code    14  stm32f4xx_hal_gpio.o(i.HAL_GPIO_TogglePin)
    HAL_GPIO_WritePin                        0x0800176b   Thumb Code    10  stm32f4xx_hal_gpio.o(i.HAL_GPIO_WritePin)
    HAL_GetTick                              0x08001775   Thumb Code     6  stm32f4xx_hal.o(i.HAL_GetTick)
    HAL_I2C_GetState                         0x08001781   Thumb Code     6  stm32f4xx_hal_i2c.o(i.HAL_I2C_GetState)
    HAL_I2C_Init                             0x08001789   Thumb Code   376  stm32f4xx_hal_i2c.o(i.HAL_I2C_Init)
    HAL_I2C_IsDeviceReady                    0x08001911   Thumb Code   354  stm32f4xx_hal_i2c.o(i.HAL_I2C_IsDeviceReady)
    HAL_I2C_Master_Transmit                  0x08001a7d   Thumb Code   290  stm32f4xx_hal_i2c.o(i.HAL_I2C_Master_Transmit)
    HAL_I2C_Mem_Read                         0x08001ba9   Thumb Code   490  stm32f4xx_hal_i2c.o(i.HAL_I2C_Mem_Read)
    HAL_I2C_Mem_Write                        0x08001da1   Thumb Code   294  stm32f4xx_hal_i2c.o(i.HAL_I2C_Mem_Write)
    HAL_I2C_MspInit                          0x08001ed1   Thumb Code   142  stm32f4xx_hal_msp.o(i.HAL_I2C_MspInit)
    HAL_IncTick                              0x08001f71   Thumb Code    12  stm32f4xx_hal.o(i.HAL_IncTick)
    HAL_Init                                 0x08001f81   Thumb Code    48  stm32f4xx_hal.o(i.HAL_Init)
    HAL_InitTick                             0x08001fb5   Thumb Code    54  stm32f4xx_hal.o(i.HAL_InitTick)
    HAL_MspInit                              0x08001ff5   Thumb Code    42  stm32f4xx_hal_msp.o(i.HAL_MspInit)
    HAL_NVIC_SetPriority                     0x08002025   Thumb Code    60  stm32f4xx_hal_cortex.o(i.HAL_NVIC_SetPriority)
    HAL_NVIC_SetPriorityGrouping             0x08002065   Thumb Code    26  stm32f4xx_hal_cortex.o(i.HAL_NVIC_SetPriorityGrouping)
    HAL_RCC_ClockConfig                      0x08002089   Thumb Code   288  stm32f4xx_hal_rcc.o(i.HAL_RCC_ClockConfig)
    HAL_RCC_GetPCLK1Freq                     0x080021bd   Thumb Code    20  stm32f4xx_hal_rcc.o(i.HAL_RCC_GetPCLK1Freq)
    HAL_RCC_GetPCLK2Freq                     0x080021dd   Thumb Code    20  stm32f4xx_hal_rcc.o(i.HAL_RCC_GetPCLK2Freq)
    HAL_RCC_GetSysClockFreq                  0x080021fd   Thumb Code    88  stm32f4xx_hal_rcc.o(i.HAL_RCC_GetSysClockFreq)
    HAL_RCC_OscConfig                        0x08002261   Thumb Code   840  stm32f4xx_hal_rcc.o(i.HAL_RCC_OscConfig)
    HAL_SYSTICK_Config                       0x080025bd   Thumb Code    40  stm32f4xx_hal_cortex.o(i.HAL_SYSTICK_Config)
    HAL_UART_Init                            0x080025e5   Thumb Code    98  stm32f4xx_hal_uart.o(i.HAL_UART_Init)
    HAL_UART_MspInit                         0x08002649   Thumb Code    92  stm32f4xx_hal_msp.o(i.HAL_UART_MspInit)
    HAL_UART_Transmit                        0x080026b1   Thumb Code   186  stm32f4xx_hal_uart.o(i.HAL_UART_Transmit)
    HardFault_Handler                        0x0800276b   Thumb Code     2  stm32f4xx_it.o(i.HardFault_Handler)
    MemManage_Handler                        0x08002c99   Thumb Code     2  stm32f4xx_it.o(i.MemManage_Handler)
    NMI_Handler                              0x08002c9b   Thumb Code     2  stm32f4xx_it.o(i.NMI_Handler)
    PendSV_Handler                           0x08002c9d   Thumb Code     2  stm32f4xx_it.o(i.PendSV_Handler)
    ReadAlgorithmResults                     0x08002ca1   Thumb Code    56  main.o(i.ReadAlgorithmResults)
    ReadRegister                             0x08002ce1   Thumb Code    44  main.o(i.ReadRegister)
    RestoreBaseline                          0x08002d11   Thumb Code    58  main.o(i.RestoreBaseline)
    SVC_Handler                              0x08002d55   Thumb Code     2  stm32f4xx_it.o(i.SVC_Handler)
    SetDriveMode                             0x08002d59   Thumb Code    46  main.o(i.SetDriveMode)
    SysTick_Handler                          0x08002d8d   Thumb Code     4  stm32f4xx_it.o(i.SysTick_Handler)
    SystemClock_Config                       0x08002d91   Thumb Code   102  main.o(i.SystemClock_Config)
    SystemInit                               0x08002e01   Thumb Code    22  system_stm32f4xx.o(i.SystemInit)
    UsageFault_Handler                       0x08002fa9   Thumb Code     2  stm32f4xx_it.o(i.UsageFault_Handler)
    WriteRegister                            0x08002fad   Thumb Code    70  main.o(i.WriteRegister)
    __0sprintf                               0x08002ff9   Thumb Code    34  printfa.o(i.__0sprintf)
    __1sprintf                               0x08002ff9   Thumb Code     0  printfa.o(i.__0sprintf)
    __2sprintf                               0x08002ff9   Thumb Code     0  printfa.o(i.__0sprintf)
    __c89sprintf                             0x08002ff9   Thumb Code     0  printfa.o(i.__0sprintf)
    sprintf                                  0x08002ff9   Thumb Code     0  printfa.o(i.__0sprintf)
    __ARM_fpclassify                         0x08003021   Thumb Code    48  fpclassify.o(i.__ARM_fpclassify)
    __hardfp_pow                             0x08003071   Thumb Code  3072  pow.o(i.__hardfp_pow)
    __kernel_poly                            0x08003cc1   Thumb Code   248  poly.o(i.__kernel_poly)
    __mathlib_dbl_divzero                    0x08003db9   Thumb Code    28  dunder.o(i.__mathlib_dbl_divzero)
    __mathlib_dbl_infnan2                    0x08003de9   Thumb Code    20  dunder.o(i.__mathlib_dbl_infnan2)
    __mathlib_dbl_invalid                    0x08003e01   Thumb Code    24  dunder.o(i.__mathlib_dbl_invalid)
    __mathlib_dbl_overflow                   0x08003e21   Thumb Code    24  dunder.o(i.__mathlib_dbl_overflow)
    __mathlib_dbl_underflow                  0x08003e41   Thumb Code    24  dunder.o(i.__mathlib_dbl_underflow)
    __scatterload_copy                       0x08003e61   Thumb Code    14  handlers.o(i.__scatterload_copy)
    __scatterload_null                       0x08003e6f   Thumb Code     2  handlers.o(i.__scatterload_null)
    __scatterload_zeroinit                   0x08003e71   Thumb Code    14  handlers.o(i.__scatterload_zeroinit)
    __set_errno                              0x08003e81   Thumb Code     6  errno.o(i.__set_errno)
    fabs                                     0x08004749   Thumb Code    24  fabs.o(i.fabs)
    main                                     0x08004761   Thumb Code   650  main.o(i.main)
    sqrt                                     0x08004a81   Thumb Code   110  sqrt.o(i.sqrt)
    AHBPrescTable                            0x08004aee   Data          16  system_stm32f4xx.o(.constdata)
    APBPrescTable                            0x08004afe   Data           8  system_stm32f4xx.o(.constdata)
    __mathlib_zero                           0x08004b90   Data           8  qnan.o(.constdata)
    Region$$Table$$Base                      0x08004b98   Number         0  anon$$obj.o(Region$$Table)
    Region$$Table$$Limit                     0x08004bb8   Number         0  anon$$obj.o(Region$$Table)
    current_value                            0x20000000   Data           1  main.o(.data)
    mosetting                                0x20000001   Data           1  main.o(.data)
    Mode_CCS811                              0x20000002   Data           1  main.o(.data)
    value                                    0x20000003   Data           1  main.o(.data)
    adc_raw                                  0x20000004   Data           2  main.o(.data)
    nr                                       0x20000006   Data           3  main.o(.data)
    tVOC                                     0x2000000c   Data           4  main.o(.data)
    CO2                                      0x20000010   Data           4  main.o(.data)
    value32                                  0x20000014   Data           4  main.o(.data)
    tf                                       0x20000018   Data           4  main.o(.data)
    pf                                       0x2000001c   Data           4  main.o(.data)
    af                                       0x20000020   Data           4  main.o(.data)
    hf                                       0x20000024   Data           4  main.o(.data)
    restore_Baselines                        0x20000028   Data           4  main.o(.data)
    temper_int                               0x2000002c   Data           4  main.o(.data)
    str_CO2                                  0x20000030   Data           7  main.o(.data)
    str_tVOC                                 0x20000037   Data           7  main.o(.data)
    str_counter                              0x2000003e   Data          11  main.o(.data)
    str_sensor_status                        0x20000049   Data          21  main.o(.data)
    str_hw_id                                0x2000005e   Data          20  main.o(.data)
    str_hw_version                           0x20000072   Data          22  main.o(.data)
    str_boot_version                         0x20000088   Data          27  main.o(.data)
    str_app_version                          0x200000a3   Data          26  main.o(.data)
    str_sensor_mode                          0x200000bd   Data          19  main.o(.data)
    uwTickFreq                               0x200000d0   Data           1  stm32f4xx_hal.o(.data)
    uwTickPrio                               0x200000d4   Data           4  stm32f4xx_hal.o(.data)
    uwTick                                   0x200000d8   Data           4  stm32f4xx_hal.o(.data)
    SystemCoreClock                          0x200000dc   Data           4  system_stm32f4xx.o(.data)
    buffer                                   0x200000e4   Data          16  main.o(.bss)
    hi2c1                                    0x200000f4   Data          84  main.o(.bss)
    hi2c2                                    0x20000148   Data          84  main.o(.bss)
    huart2                                   0x2000019c   Data          64  main.o(.bss)
    str1                                     0x200001dc   Data         100  main.o(.bss)
    CalibData                                0x20000240   Data          36  main.o(.bss)
    __initial_sp                             0x20000668   Data           0  startup_stm32f407xx.o(STACK)



==============================================================================

Memory Map of the image

  Image Entry point : 0x08000189

  Load Region LR_IROM1 (Base: 0x08000000, Size: 0x00004c9c, Max: 0x00100000, ABSOLUTE)

    Execution Region ER_IROM1 (Exec base: 0x08000000, Load base: 0x08000000, Size: 0x00004bb8, Max: 0x00100000, ABSOLUTE)

    Exec Addr    Load Addr    Size         Type   Attr      Idx    E Section Name        Object

    0x08000000   0x08000000   0x00000188   Data   RO            3    RESET               startup_stm32f407xx.o
    0x08000188   0x08000188   0x00000000   Code   RO         2480  * .ARM.Collect$$$$00000000  mc_w.l(entry.o)
    0x08000188   0x08000188   0x00000004   Code   RO         2797    .ARM.Collect$$$$00000001  mc_w.l(entry2.o)
    0x0800018c   0x0800018c   0x00000004   Code   RO         2800    .ARM.Collect$$$$00000004  mc_w.l(entry5.o)
    0x08000190   0x08000190   0x00000000   Code   RO         2802    .ARM.Collect$$$$00000008  mc_w.l(entry7b.o)
    0x08000190   0x08000190   0x00000000   Code   RO         2804    .ARM.Collect$$$$0000000A  mc_w.l(entry8b.o)
    0x08000190   0x08000190   0x00000008   Code   RO         2805    .ARM.Collect$$$$0000000B  mc_w.l(entry9a.o)
    0x08000198   0x08000198   0x00000000   Code   RO         2807    .ARM.Collect$$$$0000000D  mc_w.l(entry10a.o)
    0x08000198   0x08000198   0x00000000   Code   RO         2809    .ARM.Collect$$$$0000000F  mc_w.l(entry11a.o)
    0x08000198   0x08000198   0x00000004   Code   RO         2798    .ARM.Collect$$$$00002712  mc_w.l(entry2.o)
    0x0800019c   0x0800019c   0x00000024   Code   RO            4    .text               startup_stm32f407xx.o
    0x080001c0   0x080001c0   0x00000062   Code   RO         2483    .text               mc_w.l(uldiv.o)
    0x08000222   0x08000222   0x00000062   Code   RO         2485    .text               mc_w.l(ldiv.o)
    0x08000284   0x08000284   0x00000024   Code   RO         2487    .text               mc_w.l(memseta.o)
    0x080002a8   0x080002a8   0x0000000e   Code   RO         2489    .text               mc_w.l(strlen.o)
    0x080002b6   0x080002b6   0x0000014e   Code   RO         2752    .text               mf_w.l(dadd.o)
    0x08000404   0x08000404   0x000000e4   Code   RO         2754    .text               mf_w.l(dmul.o)
    0x080004e8   0x080004e8   0x00000026   Code   RO         2756    .text               mf_w.l(f2d.o)
    0x0800050e   0x0800050e   0x00000038   Code   RO         2758    .text               mf_w.l(d2f.o)
    0x08000546   0x08000546   0x0000002c   Code   RO         2814    .text               mc_w.l(uidiv.o)
    0x08000572   0x08000572   0x0000001e   Code   RO         2816    .text               mc_w.l(llshl.o)
    0x08000590   0x08000590   0x00000020   Code   RO         2818    .text               mc_w.l(llushr.o)
    0x080005b0   0x080005b0   0x00000024   Code   RO         2820    .text               mc_w.l(llsshr.o)
    0x080005d4   0x080005d4   0x00000000   Code   RO         2829    .text               mc_w.l(iusefp.o)
    0x080005d4   0x080005d4   0x0000006e   Code   RO         2830    .text               mf_w.l(fepilogue.o)
    0x08000642   0x08000642   0x000000ba   Code   RO         2832    .text               mf_w.l(depilogue.o)
    0x080006fc   0x080006fc   0x000000de   Code   RO         2834    .text               mf_w.l(ddiv.o)
    0x080007da   0x080007da   0x0000002e   Code   RO         2838    .text               mf_w.l(dscalb.o)
    0x08000808   0x08000808   0x00000022   Code   RO         2840    .text               mf_w.l(dflti.o)
    0x0800082a   0x0800082a   0x00000030   Code   RO         2842    .text               mf_w.l(dfixul.o)
    0x0800085a   0x0800085a   0x00000002   PAD
    0x0800085c   0x0800085c   0x00000030   Code   RO         2844    .text               mf_w.l(cdrcmple.o)
    0x0800088c   0x0800088c   0x00000024   Code   RO         2846    .text               mc_w.l(init.o)
    0x080008b0   0x080008b0   0x000000a2   Code   RO         2850    .text               mf_w.l(dsqrt.o)
    0x08000952   0x08000952   0x00000002   PAD
    0x08000954   0x08000954   0x00000160   Code   RO           13    i.BME280_Init       main.o
    0x08000ab4   0x08000ab4   0x00000068   Code   RO           14    i.BME280_ReadAltitude  main.o
    0x08000b1c   0x08000b1c   0x00000488   Code   RO           15    i.BME280_ReadCoefficients  main.o
    0x08000fa4   0x08000fa4   0x000000a0   Code   RO           16    i.BME280_ReadHumidity  main.o
    0x08001044   0x08001044   0x000001dc   Code   RO           17    i.BME280_ReadPressure  main.o
    0x08001220   0x08001220   0x0000002c   Code   RO           18    i.BME280_ReadReg    main.o
    0x0800124c   0x0800124c   0x00000016   Code   RO           19    i.BME280_ReadReg_BE_S16  main.o
    0x08001262   0x08001262   0x00000024   Code   RO           20    i.BME280_ReadReg_BE_U24  main.o
    0x08001286   0x08001286   0x0000000a   Code   RO           21    i.BME280_ReadReg_S16  main.o
    0x08001290   0x08001290   0x0000000a   Code   RO           22    i.BME280_ReadReg_U16  main.o
    0x0800129a   0x0800129a   0x0000000e   Code   RO           24    i.BME280_ReadStatus  main.o
    0x080012a8   0x080012a8   0x00000060   Code   RO           25    i.BME280_ReadTemperature  main.o
    0x08001308   0x08001308   0x0000001e   Code   RO           26    i.BME280_SetFilter  main.o
    0x08001326   0x08001326   0x0000001e   Code   RO           27    i.BME280_SetMode    main.o
    0x08001344   0x08001344   0x0000002c   Code   RO           28    i.BME280_SetOversamplingHum  main.o
    0x08001370   0x08001370   0x0000001e   Code   RO           29    i.BME280_SetOversamplingPressure  main.o
    0x0800138e   0x0800138e   0x0000001e   Code   RO           30    i.BME280_SetOversamplingTemper  main.o
    0x080013ac   0x080013ac   0x0000001e   Code   RO           31    i.BME280_SetStandby  main.o
    0x080013ca   0x080013ca   0x00000002   PAD
    0x080013cc   0x080013cc   0x00000024   Code   RO           32    i.BME280_WriteReg   main.o
    0x080013f0   0x080013f0   0x00000002   Code   RO          369    i.BusFault_Handler  stm32f4xx_it.o
    0x080013f2   0x080013f2   0x00000002   PAD
    0x080013f4   0x080013f4   0x00000140   Code   RO           33    i.CheckSensorInfo   main.o
    0x08001534   0x08001534   0x00000048   Code   RO           34    i.ConfigureCCS811   main.o
    0x0800157c   0x0800157c   0x00000002   Code   RO          370    i.DebugMon_Handler  stm32f4xx_it.o
    0x0800157e   0x0800157e   0x00000002   PAD
    0x08001580   0x08001580   0x00000024   Code   RO         1818    i.HAL_Delay         stm32f4xx_hal.o
    0x080015a4   0x080015a4   0x000001b8   Code   RO         1292    i.HAL_GPIO_Init     stm32f4xx_hal_gpio.o
    0x0800175c   0x0800175c   0x0000000e   Code   RO         1295    i.HAL_GPIO_TogglePin  stm32f4xx_hal_gpio.o
    0x0800176a   0x0800176a   0x0000000a   Code   RO         1296    i.HAL_GPIO_WritePin  stm32f4xx_hal_gpio.o
    0x08001774   0x08001774   0x0000000c   Code   RO         1824    i.HAL_GetTick       stm32f4xx_hal.o
    0x08001780   0x08001780   0x00000006   Code   RO          502    i.HAL_I2C_GetState  stm32f4xx_hal_i2c.o
    0x08001786   0x08001786   0x00000002   PAD
    0x08001788   0x08001788   0x00000188   Code   RO          503    i.HAL_I2C_Init      stm32f4xx_hal_i2c.o
    0x08001910   0x08001910   0x0000016c   Code   RO          504    i.HAL_I2C_IsDeviceReady  stm32f4xx_hal_i2c.o
    0x08001a7c   0x08001a7c   0x0000012c   Code   RO          516    i.HAL_I2C_Master_Transmit  stm32f4xx_hal_i2c.o
    0x08001ba8   0x08001ba8   0x000001f8   Code   RO          521    i.HAL_I2C_Mem_Read  stm32f4xx_hal_i2c.o
    0x08001da0   0x08001da0   0x00000130   Code   RO          524    i.HAL_I2C_Mem_Write  stm32f4xx_hal_i2c.o
    0x08001ed0   0x08001ed0   0x000000a0   Code   RO          445    i.HAL_I2C_MspInit   stm32f4xx_hal_msp.o
    0x08001f70   0x08001f70   0x00000010   Code   RO         1830    i.HAL_IncTick       stm32f4xx_hal.o
    0x08001f80   0x08001f80   0x00000034   Code   RO         1831    i.HAL_Init          stm32f4xx_hal.o
    0x08001fb4   0x08001fb4   0x00000040   Code   RO         1832    i.HAL_InitTick      stm32f4xx_hal.o
    0x08001ff4   0x08001ff4   0x00000030   Code   RO          446    i.HAL_MspInit       stm32f4xx_hal_msp.o
    0x08002024   0x08002024   0x00000040   Code   RO         1687    i.HAL_NVIC_SetPriority  stm32f4xx_hal_cortex.o
    0x08002064   0x08002064   0x00000024   Code   RO         1688    i.HAL_NVIC_SetPriorityGrouping  stm32f4xx_hal_cortex.o
    0x08002088   0x08002088   0x00000134   Code   RO          938    i.HAL_RCC_ClockConfig  stm32f4xx_hal_rcc.o
    0x080021bc   0x080021bc   0x00000020   Code   RO          945    i.HAL_RCC_GetPCLK1Freq  stm32f4xx_hal_rcc.o
    0x080021dc   0x080021dc   0x00000020   Code   RO          946    i.HAL_RCC_GetPCLK2Freq  stm32f4xx_hal_rcc.o
    0x080021fc   0x080021fc   0x00000064   Code   RO          947    i.HAL_RCC_GetSysClockFreq  stm32f4xx_hal_rcc.o
    0x08002260   0x08002260   0x0000035c   Code   RO          950    i.HAL_RCC_OscConfig  stm32f4xx_hal_rcc.o
    0x080025bc   0x080025bc   0x00000028   Code   RO         1692    i.HAL_SYSTICK_Config  stm32f4xx_hal_cortex.o
    0x080025e4   0x080025e4   0x00000062   Code   RO         2130    i.HAL_UART_Init     stm32f4xx_hal_uart.o
    0x08002646   0x08002646   0x00000002   PAD
    0x08002648   0x08002648   0x00000068   Code   RO          448    i.HAL_UART_MspInit  stm32f4xx_hal_msp.o
    0x080026b0   0x080026b0   0x000000ba   Code   RO         2138    i.HAL_UART_Transmit  stm32f4xx_hal_uart.o
    0x0800276a   0x0800276a   0x00000002   Code   RO          371    i.HardFault_Handler  stm32f4xx_it.o
    0x0800276c   0x0800276c   0x0000002e   Code   RO          545    i.I2C_IsAcknowledgeFailed  stm32f4xx_hal_i2c.o
    0x0800279a   0x0800279a   0x00000002   PAD
    0x0800279c   0x0800279c   0x0000009c   Code   RO          549    i.I2C_MasterRequestWrite  stm32f4xx_hal_i2c.o
    0x08002838   0x08002838   0x000000fc   Code   RO          555    i.I2C_RequestMemoryRead  stm32f4xx_hal_i2c.o
    0x08002934   0x08002934   0x000000a8   Code   RO          556    i.I2C_RequestMemoryWrite  stm32f4xx_hal_i2c.o
    0x080029dc   0x080029dc   0x0000004c   Code   RO          559    i.I2C_WaitOnBTFFlagUntilTimeout  stm32f4xx_hal_i2c.o
    0x08002a28   0x08002a28   0x00000068   Code   RO          560    i.I2C_WaitOnFlagUntilTimeout  stm32f4xx_hal_i2c.o
    0x08002a90   0x08002a90   0x00000096   Code   RO          561    i.I2C_WaitOnMasterAddressFlagUntilTimeout  stm32f4xx_hal_i2c.o
    0x08002b26   0x08002b26   0x00000066   Code   RO          562    i.I2C_WaitOnRXNEFlagUntilTimeout  stm32f4xx_hal_i2c.o
    0x08002b8c   0x08002b8c   0x0000004c   Code   RO          563    i.I2C_WaitOnTXEFlagUntilTimeout  stm32f4xx_hal_i2c.o
    0x08002bd8   0x08002bd8   0x00000020   Code   RO           39    i.I2Cx_ReadData16   main.o
    0x08002bf8   0x08002bf8   0x00000020   Code   RO           40    i.I2Cx_ReadData24   main.o
    0x08002c18   0x08002c18   0x00000080   Code   RO           41    i.MX_GPIO_Init      main.o
    0x08002c98   0x08002c98   0x00000002   Code   RO          372    i.MemManage_Handler  stm32f4xx_it.o
    0x08002c9a   0x08002c9a   0x00000002   Code   RO          373    i.NMI_Handler       stm32f4xx_it.o
    0x08002c9c   0x08002c9c   0x00000002   Code   RO          374    i.PendSV_Handler    stm32f4xx_it.o
    0x08002c9e   0x08002c9e   0x00000002   PAD
    0x08002ca0   0x08002ca0   0x00000040   Code   RO           42    i.ReadAlgorithmResults  main.o
    0x08002ce0   0x08002ce0   0x00000030   Code   RO           43    i.ReadRegister      main.o
    0x08002d10   0x08002d10   0x00000044   Code   RO           44    i.RestoreBaseline   main.o
    0x08002d54   0x08002d54   0x00000002   Code   RO          375    i.SVC_Handler       stm32f4xx_it.o
    0x08002d56   0x08002d56   0x00000002   PAD
    0x08002d58   0x08002d58   0x00000034   Code   RO           46    i.SetDriveMode      main.o
    0x08002d8c   0x08002d8c   0x00000004   Code   RO          376    i.SysTick_Handler   stm32f4xx_it.o
    0x08002d90   0x08002d90   0x00000070   Code   RO           47    i.SystemClock_Config  main.o
    0x08002e00   0x08002e00   0x0000001c   Code   RO         2432    i.SystemInit        system_stm32f4xx.o
    0x08002e1c   0x08002e1c   0x00000128   Code   RO         2156    i.UART_SetConfig    stm32f4xx_hal_uart.o
    0x08002f44   0x08002f44   0x00000064   Code   RO         2158    i.UART_WaitOnFlagUntilTimeout  stm32f4xx_hal_uart.o
    0x08002fa8   0x08002fa8   0x00000002   Code   RO          377    i.UsageFault_Handler  stm32f4xx_it.o
    0x08002faa   0x08002faa   0x00000002   PAD
    0x08002fac   0x08002fac   0x0000004c   Code   RO           48    i.WriteRegister     main.o
    0x08002ff8   0x08002ff8   0x00000028   Code   RO         2726    i.__0sprintf        mc_w.l(printfa.o)
    0x08003020   0x08003020   0x00000030   Code   RO         2780    i.__ARM_fpclassify  m_wm.l(fpclassify.o)
    0x08003050   0x08003050   0x00000020   Code   RO         1694    i.__NVIC_SetPriority  stm32f4xx_hal_cortex.o
    0x08003070   0x08003070   0x00000c50   Code   RO         2466    i.__hardfp_pow      m_wm.l(pow.o)
    0x08003cc0   0x08003cc0   0x000000f8   Code   RO         2782    i.__kernel_poly     m_wm.l(poly.o)
    0x08003db8   0x08003db8   0x00000030   Code   RO         2760    i.__mathlib_dbl_divzero  m_wm.l(dunder.o)
    0x08003de8   0x08003de8   0x00000014   Code   RO         2762    i.__mathlib_dbl_infnan2  m_wm.l(dunder.o)
    0x08003dfc   0x08003dfc   0x00000004   PAD
    0x08003e00   0x08003e00   0x00000020   Code   RO         2763    i.__mathlib_dbl_invalid  m_wm.l(dunder.o)
    0x08003e20   0x08003e20   0x00000020   Code   RO         2764    i.__mathlib_dbl_overflow  m_wm.l(dunder.o)
    0x08003e40   0x08003e40   0x00000020   Code   RO         2766    i.__mathlib_dbl_underflow  m_wm.l(dunder.o)
    0x08003e60   0x08003e60   0x0000000e   Code   RO         2856    i.__scatterload_copy  mc_w.l(handlers.o)
    0x08003e6e   0x08003e6e   0x00000002   Code   RO         2857    i.__scatterload_null  mc_w.l(handlers.o)
    0x08003e70   0x08003e70   0x0000000e   Code   RO         2858    i.__scatterload_zeroinit  mc_w.l(handlers.o)
    0x08003e7e   0x08003e7e   0x00000002   PAD
    0x08003e80   0x08003e80   0x0000000c   Code   RO         2824    i.__set_errno       mc_w.l(errno.o)
    0x08003e8c   0x08003e8c   0x00000184   Code   RO         2731    i._fp_digits        mc_w.l(printfa.o)
    0x08004010   0x08004010   0x000006dc   Code   RO         2732    i._printf_core      mc_w.l(printfa.o)
    0x080046ec   0x080046ec   0x00000024   Code   RO         2733    i._printf_post_padding  mc_w.l(printfa.o)
    0x08004710   0x08004710   0x0000002e   Code   RO         2734    i._printf_pre_padding  mc_w.l(printfa.o)
    0x0800473e   0x0800473e   0x0000000a   Code   RO         2736    i._sputc            mc_w.l(printfa.o)
    0x08004748   0x08004748   0x00000018   Code   RO         2776    i.fabs              m_wm.l(fabs.o)
    0x08004760   0x08004760   0x00000320   Code   RO           49    i.main              main.o
    0x08004a80   0x08004a80   0x0000006e   Code   RO         2787    i.sqrt              m_wm.l(sqrt.o)
    0x08004aee   0x08004aee   0x00000010   Data   RO         2433    .constdata          system_stm32f4xx.o
    0x08004afe   0x08004afe   0x00000008   Data   RO         2434    .constdata          system_stm32f4xx.o
    0x08004b06   0x08004b06   0x00000002   PAD
    0x08004b08   0x08004b08   0x00000088   Data   RO         2469    .constdata          m_wm.l(pow.o)
    0x08004b90   0x08004b90   0x00000008   Data   RO         2784    .constdata          m_wm.l(qnan.o)
    0x08004b98   0x08004b98   0x00000020   Data   RO         2854    Region$$Table       anon$$obj.o


    Execution Region RW_IRAM2 (Exec base: 0x10000000, Load base: 0x08004c9c, Size: 0x00000000, Max: 0x00010000, ABSOLUTE)

    **** No section assigned to this execution region ****


    Execution Region RW_IRAM1 (Exec base: 0x20000000, Load base: 0x08004bb8, Size: 0x00000668, Max: 0x00020000, ABSOLUTE)

    Exec Addr    Load Addr    Size         Type   Attr      Idx    E Section Name        Object

    0x20000000   0x08004bb8   0x000000d0   Data   RW           51    .data               main.o
    0x200000d0   0x08004c88   0x0000000c   Data   RW         1838    .data               stm32f4xx_hal.o
    0x200000dc   0x08004c94   0x00000004   Data   RW         2435    .data               system_stm32f4xx.o
    0x200000e0   0x08004c98   0x00000004   Data   RW         2825    .data               mc_w.l(errno.o)
    0x200000e4        -       0x00000180   Zero   RW           50    .bss                main.o
    0x20000264   0x08004c9c   0x00000004   PAD
    0x20000268        -       0x00000400   Zero   RW            1    STACK               startup_stm32f407xx.o


==============================================================================

Image component sizes


      Code (inc. data)   RO Data    RW Data    ZI Data      Debug   Object Name

      4518        712          0        208        384     687911   main.o
        36          8        392          0       1024        856   startup_stm32f407xx.o
       180         28          0         12          0       9573   stm32f4xx_hal.o
       172         14          0          0          0      33362   stm32f4xx_hal_cortex.o
       464         46          0          0          0       3109   stm32f4xx_hal_gpio.o
      3000         78          0          0          0      17315   stm32f4xx_hal_i2c.o
       312         36          0          0          0       2459   stm32f4xx_hal_msp.o
      1332         76          0          0          0       5360   stm32f4xx_hal_rcc.o
       680         10          0          0          0       4224   stm32f4xx_hal_uart.o
        20          0          0          0          0       4286   stm32f4xx_it.o
        28          6         24          4          0       1191   system_stm32f4xx.o

    ----------------------------------------------------------------------
     10760       1014        450        224       1412     769646   Object Totals
         0          0         32          0          0          0   (incl. Generated)
        18          0          2          0          4          0   (incl. Padding)

    ----------------------------------------------------------------------

      Code (inc. data)   RO Data    RW Data    ZI Data      Debug   Library Member Name

       164         44          0          0          0        620   dunder.o
        24          0          0          0          0        124   fabs.o
        48          0          0          0          0        124   fpclassify.o
       248          0          0          0          0        152   poly.o
      3152        296        136          0          0        352   pow.o
         0          0          8          0          0          0   qnan.o
       110          0          0          0          0        148   sqrt.o
         0          0          0          0          0          0   entry.o
         0          0          0          0          0          0   entry10a.o
         0          0          0          0          0          0   entry11a.o
         8          4          0          0          0          0   entry2.o
         4          0          0          0          0          0   entry5.o
         0          0          0          0          0          0   entry7b.o
         0          0          0          0          0          0   entry8b.o
         8          4          0          0          0          0   entry9a.o
        12          6          0          4          0         68   errno.o
        30          0          0          0          0          0   handlers.o
        36          8          0          0          0         68   init.o
         0          0          0          0          0          0   iusefp.o
        98          0          0          0          0         84   ldiv.o
        30          0          0          0          0         68   llshl.o
        36          0          0          0          0         68   llsshr.o
        32          0          0          0          0         68   llushr.o
        36          0          0          0          0        108   memseta.o
      2276         86          0          0          0        520   printfa.o
        14          0          0          0          0         68   strlen.o
        44          0          0          0          0         80   uidiv.o
        98          0          0          0          0         92   uldiv.o
        48          0          0          0          0         68   cdrcmple.o
        56          0          0          0          0         88   d2f.o
       334          0          0          0          0        148   dadd.o
       222          0          0          0          0        100   ddiv.o
       186          0          0          0          0        176   depilogue.o
        48          0          0          0          0         68   dfixul.o
        34          0          0          0          0         76   dflti.o
       228          0          0          0          0         96   dmul.o
        46          0          0          0          0         80   dscalb.o
       162          0          0          0          0        100   dsqrt.o
        38          0          0          0          0         68   f2d.o
       110          0          0          0          0        168   fepilogue.o

    ----------------------------------------------------------------------
      8030        448        144          4          0       4048   Library Totals
        10          0          0          0          0          0   (incl. Padding)

    ----------------------------------------------------------------------

      Code (inc. data)   RO Data    RW Data    ZI Data      Debug   Library Name

      3746        340        144          0          0       1520   m_wm.l
      2762        108          0          4          0       1292   mc_w.l
      1512          0          0          0          0       1236   mf_w.l

    ----------------------------------------------------------------------
      8030        448        144          4          0       4048   Library Totals

    ----------------------------------------------------------------------

==============================================================================


      Code (inc. data)   RO Data    RW Data    ZI Data      Debug   

     18790       1462        594        228       1412     764398   Grand Totals
     18790       1462        594        228       1412     764398   ELF Image Totals
     18790       1462        594        228          0          0   ROM Totals

==============================================================================

    Total RO  Size (Code + RO Data)                19384 (  18.93kB)
    Total RW  Size (RW Data + ZI Data)              1640 (   1.60kB)
    Total ROM Size (Code + RO Data + RW Data)      19612 (  19.15kB)

==============================================================================

